Archive member included to satisfy reference by file (symbol)

/opt/devkitpro/libctru/lib/libctru.a(linear.o)
                              main.o (linearAlloc)
/opt/devkitpro/libctru/lib/libctru.a(mem_pool.o)
                              /opt/devkitpro/libctru/lib/libctru.a(linear.o) (MemPool::Allocate(MemChunk&, unsigned long, int))
/opt/devkitpro/libctru/lib/libctru.a(romfs_dev.o)
                              main.o (romfsMountSelf)
/opt/devkitpro/libctru/lib/libctru.a(console.o)
                              main.o (consoleInit)
/opt/devkitpro/libctru/lib/libctru.a(path_buf.o)
                              /opt/devkitpro/libctru/lib/libctru.a(romfs_dev.o) (__ctru_dev_utf16_buf)
/opt/devkitpro/libctru/lib/libctru.a(gfx.o)
                              /opt/devkitpro/libctru/lib/libctru.a(console.o) (gfxIsWide)
/opt/devkitpro/libctru/lib/libctru.a(dsp.o)
                              main.o (DSP_FlushDataCache)
/opt/devkitpro/libctru/lib/libctru.a(gspgpu.o)
                              /opt/devkitpro/libctru/lib/libctru.a(gfx.o) (gspInit)
/opt/devkitpro/libctru/lib/libctru.a(apt.o)
                              main.o (aptMainLoop)
/opt/devkitpro/libctru/lib/libctru.a(hid.o)
                              main.o (hidScanInput)
/opt/devkitpro/libctru/lib/libctru.a(fs.o)
                              main.o (fsInit)
/opt/devkitpro/libctru/lib/libctru.a(rbtree_init.o)
                              /opt/devkitpro/libctru/lib/libctru.a(linear.o) (rbtree_init)
/opt/devkitpro/libctru/lib/libctru.a(rbtree_insert.o)
                              /opt/devkitpro/libctru/lib/libctru.a(linear.o) (rbtree_insert)
/opt/devkitpro/libctru/lib/libctru.a(rbtree_rotate.o)
                              /opt/devkitpro/libctru/lib/libctru.a(rbtree_insert.o) (rbtree_rotate)
/opt/devkitpro/libctru/lib/libctru.a(rbtree_remove.o)
                              /opt/devkitpro/libctru/lib/libctru.a(linear.o) (rbtree_remove)
/opt/devkitpro/libctru/lib/libctru.a(rbtree_find.o)
                              /opt/devkitpro/libctru/lib/libctru.a(linear.o) (rbtree_find)
/opt/devkitpro/libctru/lib/libctru.a(utf16_to_utf8.o)
                              /opt/devkitpro/libctru/lib/libctru.a(romfs_dev.o) (utf16_to_utf8)
/opt/devkitpro/libctru/lib/libctru.a(decode_utf16.o)
                              /opt/devkitpro/libctru/lib/libctru.a(utf16_to_utf8.o) (decode_utf16)
/opt/devkitpro/libctru/lib/libctru.a(utf8_to_utf16.o)
                              /opt/devkitpro/libctru/lib/libctru.a(romfs_dev.o) (utf8_to_utf16)
/opt/devkitpro/libctru/lib/libctru.a(allocateHeaps.o)
                              /opt/devkitpro/libctru/lib/libctru.a(linear.o) (__ctru_linear_heap_size)
/opt/devkitpro/libctru/lib/libctru.a(ctru_init.o)
                              /opt/devkitpro/libctru/lib/libctru.a(apt.o) (__system_retAddr)
/opt/devkitpro/libctru/lib/libctru.a(initArgv.o)
                              /opt/devkitpro/libctru/lib/libctru.a(ctru_init.o) (__system_initArgv)
/opt/devkitpro/libctru/lib/libctru.a(svc.o)
                              /opt/devkitpro/libctru/lib/libctru.a(allocateHeaps.o) (svcControlMemory)
/opt/devkitpro/libctru/lib/libctru.a(stack_adjust.o)
                              /opt/devkitpro/devkitARM/bin/../lib/gcc/arm-none-eabi/10.2.0/../../../../arm-none-eabi/lib/armv6k/fpu/3dsx_crt0.o (initSystem)
/opt/devkitpro/libctru/lib/libctru.a(readtp.o)
                              main.o (__aeabi_read_tp)
/opt/devkitpro/libctru/lib/libctru.a(default_font.bin.o)
                              /opt/devkitpro/libctru/lib/libctru.a(console.o) (default_font_bin)
/opt/devkitpro/libctru/lib/libctru.a(vram.o)
                              /opt/devkitpro/libctru/lib/libctru.a(gfx.o) (vramAlloc)
/opt/devkitpro/libctru/lib/libctru.a(synchronization.o)
                              /opt/devkitpro/libctru/lib/libctru.a(ctru_init.o) (__sync_init)
/opt/devkitpro/libctru/lib/libctru.a(env.o)
                              /opt/devkitpro/libctru/lib/libctru.a(fs.o) (envGetHandle)
/opt/devkitpro/libctru/lib/libctru.a(os.o)
                              /opt/devkitpro/libctru/lib/libctru.a(apt.o) (__ctru_speedup_config)
/opt/devkitpro/libctru/lib/libctru.a(srv.o)
                              /opt/devkitpro/libctru/lib/libctru.a(apt.o) (srvInit)
/opt/devkitpro/libctru/lib/libctru.a(thread.o)
                              /opt/devkitpro/libctru/lib/libctru.a(gspgpu.o) (threadCreate)
/opt/devkitpro/libctru/lib/libctru.a(mappable.o)
                              /opt/devkitpro/libctru/lib/libctru.a(allocateHeaps.o) (mappableInit)
/opt/devkitpro/libctru/lib/libctru.a(irrst.o)
                              /opt/devkitpro/libctru/lib/libctru.a(hid.o) (irrstInit)
/opt/devkitpro/libctru/lib/libctru.a(srvpm.o)
                              /opt/devkitpro/libctru/lib/libctru.a(srv.o) (srvPmGetSessionHandle)
/opt/devkitpro/libctru/lib/libctru.a(ptmsysm.o)
                              /opt/devkitpro/libctru/lib/libctru.a(os.o) (ptmSysmInit)
[...]
Memory Configuration

Name             Origin             Length             Attributes
*default*        0x0000000000000000 0xffffffffffffffff

Linker script and memory map

                0x0000000000100000                PROVIDE (__start__ = 0x100000)
                0x0000000000100000                . = __start__

.text           0x0000000000100000    0x8fd9c
 *(.crt0)
 .crt0          0x0000000000100000       0x94 /opt/devkitpro/devkitARM/bin/../lib/gcc/arm-none-eabi/10.2.0/../../../../arm-none-eabi/lib/armv6k/fpu/3dsx_crt0.o
                0x0000000000100000                _start
                0x0000000000100008                __service_ptr
                0x000000000010000c                __apt_appid
                0x0000000000100010                __heap_size
                0x0000000000100014                __linear_heap_size
                0x0000000000100018                __system_arglist
                0x000000000010001c                __system_runflags
 *(.init)
 .init          0x0000000000100094        0xc /opt/devkitpro/devkitARM/bin/../lib/gcc/arm-none-eabi/10.2.0/armv6k/fpu/crti.o
                0x0000000000100094                _init
 .init          0x00000000001000a0        0xc /opt/devkitpro/devkitARM/bin/../lib/gcc/arm-none-eabi/10.2.0/armv6k/fpu/crtn.o
                0x00000000001000ac                . = ALIGN (0x4)
 *(.text)
 .text          0x00000000001000ac      0x964 /opt/devkitpro/portlibs/3ds/lib/libmad.a(imdct_l_arm.o)
                0x00000000001000ac                _III_imdct_l
                0x00000000001000ac                III_imdct_l
 .text          0x0000000000100a10      0x20c /opt/devkitpro/devkitARM/bin/../lib/gcc/arm-none-eabi/10.2.0/armv6k/fpu/libgcc.a(_udivsi3.o)
                0x0000000000100a10                __udivsi3
                0x0000000000100a10                __aeabi_uidiv
                0x0000000000100bfc                __aeabi_uidivmod
 .text          0x0000000000100c1c      0x240 /opt/devkitpro/devkitARM/bin/../lib/gcc/arm-none-eabi/10.2.0/armv6k/fpu/libgcc.a(_divsi3.o)
                0x0000000000100c1c                __aeabi_idiv
                0x0000000000100c1c                __divsi3
                0x0000000000100e3c                __aeabi_idivmod
 .text          0x0000000000100e5c        0x4 /opt/devkitpro/devkitARM/bin/../lib/gcc/arm-none-eabi/10.2.0/armv6k/fpu/libgcc.a(_dvmd_tls.o)
                0x0000000000100e5c                __aeabi_ldiv0
                0x0000000000100e5c                __aeabi_idiv0
 .text          0x0000000000100e60      0x3c0 /opt/devkitpro/devkitARM/bin/../lib/gcc/arm-none-eabi/10.2.0/armv6k/fpu/libgcc.a(_arm_addsubdf3.o)
                0x0000000000100e60                __aeabi_drsub
                0x0000000000100e68                __aeabi_dsub
                0x0000000000100e68                __subdf3
                0x0000000000100e6c                __adddf3
                0x0000000000100e6c                __aeabi_dadd
                0x0000000000101118                __aeabi_ui2d
                0x0000000000101118                __floatunsidf
                0x000000000010113c                __floatsidf
                0x000000000010113c                __aeabi_i2d
                0x0000000000101164                __extendsfdf2
                0x0000000000101164                __aeabi_f2d
                0x00000000001011ac                __aeabi_ul2d
                0x00000000001011ac                __floatundidf
                0x00000000001011c0                __floatdidf
                0x00000000001011c0                __aeabi_l2d
 .text          0x0000000000101220       0xd4 /opt/devkitpro/devkitARM/bin/../lib/gcc/arm-none-eabi/10.2.0/armv6k/fpu/libgcc.a(_aeabi_ldivmod.o)
                0x0000000000101220                __aeabi_ldivmod
 .text          0x00000000001012f4       0x3c /opt/devkitpro/devkitARM/bin/../lib/gcc/arm-none-eabi/10.2.0/armv6k/fpu/libgcc.a(_aeabi_uldivmod.o)
                0x00000000001012f4                __aeabi_uldivmod
 *fill*         0x0000000000101330       0x10 
 .text          0x0000000000101340      0x390 /opt/devkitpro/devkitARM/bin/../lib/gcc/arm-none-eabi/10.2.0/../../../../arm-none-eabi/lib/armv6k/fpu/libg.a(lib_a-strcmp.o)
                0x0000000000101348                strcmp
 *(.text.*)
 .text.__do_global_dtors_aux
                0x00000000001016d0       0x40 /opt/devkitpro/devkitARM/bin/../lib/gcc/arm-none-eabi/10.2.0/armv6k/fpu/crtbegin.o
 .text.frame_dummy
                0x0000000000101710       0x2c /opt/devkitpro/devkitARM/bin/../lib/gcc/arm-none-eabi/10.2.0/armv6k/fpu/crtbegin.o
 .text.stbi__stdio_eof
                0x000000000010173c       0x10 main.o
 .text.stbi__skip
                0x000000000010174c       0x54 main.o
 .text.stbi__idct_block
                0x00000000001017a0      0x44c main.o
 .text.resample_row_1
                0x0000000000101bec        0x8 main.o
 .text.stbi__resample_row_v_2
                0x0000000000101bf4       0x44 main.o
 .text.stbi__resample_row_hv_2
                0x0000000000101c38       0xa8 main.o
 .text.stbi__resample_row_generic
                0x0000000000101ce0       0x50 main.o
 .text.stbi__YCbCr_to_RGB_row
                0x0000000000101d30       0xf4 main.o
 .text.stbi__bitreverse16
                0x0000000000101e24       0x68 main.o
 .text.stbi__high_bit
                0x0000000000101e8c       0x50 main.o
 .text.stbi__out_gif_code
                0x0000000000101edc      0x114 main.o
 .text.stbi__stdio_skip
                0x0000000000101ff0        0x8 main.o
 .text.stbi__stdio_read
                0x0000000000101ff8       0x10 main.o
 .text.stbi__build_huffman
                0x0000000000102008      0x184 main.o
 .text.stbi__malloc_mad2
                0x000000000010218c       0x60 main.o
 .text.stbi__convert_format16
                0x00000000001021ec      0x530 main.o
 .text.stbi__getn
                0x000000000010271c       0xa0 main.o
 .text.stbi__vertical_flip
                0x00000000001027bc       0xb4 main.o
 .text.stbi__hdr_convert
                0x0000000000102870      0x114 main.o
 .text.stbi__mad3sizes_valid
                0x0000000000102984       0x80 main.o
 .text.stbi__get8
                0x0000000000102a04       0x78 main.o
 .text.stbi__grow_buffer_unsafe
                0x0000000000102a7c       0x80 main.o
 .text.stbi__jpeg_huff_decode
                0x0000000000102afc      0x134 main.o
 .text.stbi__extend_receive
                0x0000000000102c30       0x94 main.o
 .text.stbi__jpeg_decode_block
                0x0000000000102cc4      0x1c8 main.o
 .text.stbi__resample_row_h_2
                0x0000000000102e8c       0xcc main.o
 .text.stbi__shiftsigned
                0x0000000000102f58       0x8c main.o
 .text.stbi__fill_bits
                0x0000000000102fe4       0x68 main.o
 .text.stbi__zhuffman_decode
                0x000000000010304c      0x124 main.o
 .text.stbi__zbuild_huffman
                0x0000000000103170      0x214 main.o
 .text.stbi__free_jpeg_components.constprop.0
                0x0000000000103384       0x88 main.o
 .text.stbi__mad4sizes_valid.constprop.0
                0x000000000010340c       0x74 main.o
 .text.stbi__start_callbacks
                0x0000000000103480       0x74 main.o
 .text.stbi__jpeg_decode_block_prog_dc.part.0
                0x00000000001034f4       0xe4 main.o
 .text.stbi__parse_entropy_coded_data
                0x00000000001035d8      0xcbc main.o
 .text.stbi__pnm_skip_whitespace
                0x0000000000104294      0x12c main.o
 .text.stbi__get32le
                0x00000000001043c0       0x40 main.o
 .text.stbi__get32be
                0x0000000000104400       0x44 main.o
 .text.stbi__malloc_mad3
                0x0000000000104444       0x80 main.o
 .text.stbi__convert_format
                0x00000000001044c4      0x538 main.o
 .text.stbi__create_png_image_raw
                0x00000000001049fc     0x1050 main.o
 .text.stbi__compute_huffman_codes
                0x0000000000105a4c      0x2ec main.o
 .text.stbi__parse_zlib
                0x0000000000105d38      0x6f4 main.o
 .text.stbi__hdr_test
                0x000000000010642c       0xec main.o
 .text.stbi__pnm_info
                0x0000000000106518      0x238 main.o
 .text.stbi__gif_parse_colortable
                0x0000000000106750      0x178 main.o
 .text.stbi__hdr_gettoken
                0x00000000001068c8      0x158 main.o
 .text.stbi__hdr_load.constprop.0
                0x0000000000106a20      0x5f0 main.o
 .text.stbi__get16be
                0x0000000000107010       0xfc main.o
 .text.stbi__process_marker
                0x000000000010710c      0x520 main.o
 .text.stbi__decode_jpeg_header
                0x000000000010762c      0x67c main.o
 .text.stbi__get16le
                0x0000000000107ca8       0xf4 main.o
 .text.stbi__bmp_parse_header.part.0
                0x0000000000107d9c      0x380 main.o
 .text.stbi__bmp_load.constprop.0
                0x000000000010811c      0xb28 main.o
 .text.stbi__gif_test_raw
                0x0000000000108c44       0xe0 main.o
 .text.stbi__gif_header
                0x0000000000108d24      0x1a8 main.o
 .text.stbi__gif_load_next.constprop.0
                0x0000000000108ecc      0x754 main.o
 .text.stbi__gif_load.constprop.0
                0x0000000000109620       0xe0 main.o
 .text.stbi_zlib_decode_malloc_guesssize_headerflag
                0x0000000000109700       0xa0 main.o
                0x0000000000109700                stbi_zlib_decode_malloc_guesssize_headerflag
 .text.stbi__parse_png_file
                0x00000000001097a0     0x10d0 main.o
 .text.stbi__load_main
                0x000000000010a870     0x2ff4 main.o
 .text.stbi__load_and_postprocess_8bit
                0x000000000010d864      0x164 main.o
 .text.stbi_load
                0x000000000010d9c8       0xb4 main.o
                0x000000000010d9c8                stbi_load
 .text.ainit    0x000000000010da7c       0x3c main.o
                0x000000000010da7c                ainit
 .text.init     0x000000000010dab8       0x48 main.o
                0x000000000010dab8                init
 .text.lspr     0x000000000010db00       0x70 main.o
                0x000000000010db00                lspr
 .text.DrawVerticalLine
                0x000000000010db70       0x64 main.o
                0x000000000010db70                DrawVerticalLine
 .text.swap_colors
                0x000000000010dbd4       0x40 main.o
                0x000000000010dbd4                swap_colors
 *fill*         0x000000000010dc14        0x4 
 .text.Render   0x000000000010dc18      0x248 main.o
                0x000000000010dc18                Render
 .text.myscandir
                0x000000000010de60       0x54 main.o
                0x000000000010de60                myscandir
 *fill*         0x000000000010deb4        0x4 
 .text.startup.main
                0x000000000010deb8      0x2f8 main.o
                0x000000000010deb8                main
 .text._ZL21addrMapNodeComparatorPK11rbtree_nodeS1_
                0x000000000010e1b0       0x24 /opt/devkitpro/libctru/lib/libctru.a(linear.o)
 .text._ZL21addrMapNodeDestructorP11rbtree_node
                0x000000000010e1d4        0x4 /opt/devkitpro/libctru/lib/libctru.a(linear.o)
 .text.linearMemAlign
                0x000000000010e1d8      0x120 /opt/devkitpro/libctru/lib/libctru.a(linear.o)
                0x000000000010e1d8                linearMemAlign
 .text.linearAlloc
                0x000000000010e2f8        0x8 /opt/devkitpro/libctru/lib/libctru.a(linear.o)
                0x000000000010e2f8                linearAlloc
 .text.linearFree
                0x000000000010e300       0x5c /opt/devkitpro/libctru/lib/libctru.a(linear.o)
                0x000000000010e300                linearFree
 .text._ZN7MemPool13CoalesceRightEP8MemBlock
                0x000000000010e35c       0x84 /opt/devkitpro/libctru/lib/libctru.a(mem_pool.o)
                0x000000000010e35c                MemPool::CoalesceRight(MemBlock*)
 .text._ZN7MemPool8AllocateER8MemChunkmi
                0x000000000010e3e0      0x170 /opt/devkitpro/libctru/lib/libctru.a(mem_pool.o)
                0x000000000010e3e0                MemPool::Allocate(MemChunk&, unsigned long, int)
 .text._ZN7MemPool10DeallocateERK8MemChunk
                0x000000000010e550       0xfc /opt/devkitpro/libctru/lib/libctru.a(mem_pool.o)
                0x000000000010e550                MemPool::Deallocate(MemChunk const&)
 .text.romfs_close
                0x000000000010e64c        0x8 /opt/devkitpro/libctru/lib/libctru.a(romfs_dev.o)
 .text.romfs_seek
                0x000000000010e654       0xc8 /opt/devkitpro/libctru/lib/libctru.a(romfs_dev.o)
 .text.romfs_dirreset
                0x000000000010e71c       0x24 /opt/devkitpro/libctru/lib/libctru.a(romfs_dev.o)
 .text.fill_dir
                0x000000000010e740       0xc8 /opt/devkitpro/libctru/lib/libctru.a(romfs_dev.o)
 .text.romfs_dirnext
                0x000000000010e808      0x2b0 /opt/devkitpro/libctru/lib/libctru.a(romfs_dev.o)
 .text.romfs_free
                0x000000000010eab8       0x84 /opt/devkitpro/libctru/lib/libctru.a(romfs_dev.o)
 .text.searchForFile.constprop.0
                0x000000000010eb3c       0xd4 /opt/devkitpro/libctru/lib/libctru.a(romfs_dev.o)
 .text.searchForDir.constprop.0
                0x000000000010ec10       0xd8 /opt/devkitpro/libctru/lib/libctru.a(romfs_dev.o)
 .text.navigateToDir.constprop.0
                0x000000000010ece8      0x1c0 /opt/devkitpro/libctru/lib/libctru.a(romfs_dev.o)
 .text.romfs_open
                0x000000000010eea8      0x128 /opt/devkitpro/libctru/lib/libctru.a(romfs_dev.o)
 .text.romfs_chdir
                0x000000000010efd0       0x4c /opt/devkitpro/libctru/lib/libctru.a(romfs_dev.o)
 .text.romfs_diropen
                0x000000000010f01c       0x70 /opt/devkitpro/libctru/lib/libctru.a(romfs_dev.o)
 .text.romfs_stat
                0x000000000010f08c      0x17c /opt/devkitpro/libctru/lib/libctru.a(romfs_dev.o)
 .text.romfs_dirclose
                0x000000000010f208        0x8 /opt/devkitpro/libctru/lib/libctru.a(romfs_dev.o)
 .text.romfs_fstat
                0x000000000010f210       0x7c /opt/devkitpro/libctru/lib/libctru.a(romfs_dev.o)
 .text.romfs_read
                0x000000000010f28c       0xd4 /opt/devkitpro/libctru/lib/libctru.a(romfs_dev.o)
 .text.romfsMountFromFile
                0x000000000010f360      0x290 /opt/devkitpro/libctru/lib/libctru.a(romfs_dev.o)
                0x000000000010f360                romfsMountFromFile
 .text.romfsMountFromCurrentProcess
                0x000000000010f5f0       0x98 /opt/devkitpro/libctru/lib/libctru.a(romfs_dev.o)
                0x000000000010f5f0                romfsMountFromCurrentProcess
 .text.romfsMountSelf
                0x000000000010f688      0x25c /opt/devkitpro/libctru/lib/libctru.a(romfs_dev.o)
                0x000000000010f688                romfsMountSelf
 .text.consoleDrawChar
                0x000000000010f8e4      0x178 /opt/devkitpro/libctru/lib/libctru.a(console.o)
                0x000000000010f8e4                consoleDrawChar
 .text.consolePrintChar
                0x000000000010fa5c      0x124 /opt/devkitpro/libctru/lib/libctru.a(console.o)
                0x000000000010fa5c                consolePrintChar
 .text.con_write
                0x000000000010fb80      0xa00 /opt/devkitpro/libctru/lib/libctru.a(console.o)
                0x000000000010fb80                con_write
 .text.consoleInit
                0x0000000000110580      0x168 /opt/devkitpro/libctru/lib/libctru.a(console.o)
                0x0000000000110580                consoleInit
 .text.newRow   0x00000000001106e8       0xf4 /opt/devkitpro/libctru/lib/libctru.a(console.o)
 .text.gfxPresentFramebuffer
                0x00000000001107dc       0xd0 /opt/devkitpro/libctru/lib/libctru.a(gfx.o)
 .text.gfxSet3D
                0x00000000001108ac       0x10 /opt/devkitpro/libctru/lib/libctru.a(gfx.o)
                0x00000000001108ac                gfxSet3D
 .text.gfxIsWide
                0x00000000001108bc       0x1c /opt/devkitpro/libctru/lib/libctru.a(gfx.o)
                0x00000000001108bc                gfxIsWide
 .text.gfxSetScreenFormat
                0x00000000001108d8       0xec /opt/devkitpro/libctru/lib/libctru.a(gfx.o)
                0x00000000001108d8                gfxSetScreenFormat
 .text.gfxSetDoubleBuffering
                0x00000000001109c4       0x10 /opt/devkitpro/libctru/lib/libctru.a(gfx.o)
                0x00000000001109c4                gfxSetDoubleBuffering
 .text.gfxInit  0x00000000001109d4      0x108 /opt/devkitpro/libctru/lib/libctru.a(gfx.o)
                0x00000000001109d4                gfxInit
 .text.gfxInitDefault
                0x0000000000110adc       0x10 /opt/devkitpro/libctru/lib/libctru.a(gfx.o)
                0x0000000000110adc                gfxInitDefault
 .text.gfxExit  0x0000000000110aec       0xb4 /opt/devkitpro/libctru/lib/libctru.a(gfx.o)
                0x0000000000110aec                gfxExit
 .text.gfxGetFramebuffer
                0x0000000000110ba0       0xa0 /opt/devkitpro/libctru/lib/libctru.a(gfx.o)
                0x0000000000110ba0                gfxGetFramebuffer
 .text.gfxFlushBuffers
                0x0000000000110c40      0x10c /opt/devkitpro/libctru/lib/libctru.a(gfx.o)
                0x0000000000110c40                gfxFlushBuffers
 .text.gfxScreenSwapBuffers
                0x0000000000110d4c       0x30 /opt/devkitpro/libctru/lib/libctru.a(gfx.o)
                0x0000000000110d4c                gfxScreenSwapBuffers
 .text.gfxSwapBuffers
                0x0000000000110d7c       0x50 /opt/devkitpro/libctru/lib/libctru.a(gfx.o)
                0x0000000000110d7c                gfxSwapBuffers
 .text.gfxSwapBuffersGpu
                0x0000000000110dcc       0x50 /opt/devkitpro/libctru/lib/libctru.a(gfx.o)
                0x0000000000110dcc                gfxSwapBuffersGpu
 .text.DSP_LoadComponent.part.0
                0x0000000000110e1c       0xa4 /opt/devkitpro/libctru/lib/libctru.a(dsp.o)
 .text.dspInit  0x0000000000110ec0       0xdc /opt/devkitpro/libctru/lib/libctru.a(dsp.o)
                0x0000000000110ec0                dspInit
 .text.dspExit  0x0000000000110f9c       0x78 /opt/devkitpro/libctru/lib/libctru.a(dsp.o)
                0x0000000000110f9c                dspExit
 .text.dspHook  0x0000000000111014       0x24 /opt/devkitpro/libctru/lib/libctru.a(dsp.o)
                0x0000000000111014                dspHook
 .text.dspUnhook
                0x0000000000111038       0x30 /opt/devkitpro/libctru/lib/libctru.a(dsp.o)
                0x0000000000111038                dspUnhook
 .text.aptDspSleep
                0x0000000000111068       0xac /opt/devkitpro/libctru/lib/libctru.a(dsp.o)
                0x0000000000111068                aptDspSleep
 .text.aptDspWakeup
                0x0000000000111114       0xb4 /opt/devkitpro/libctru/lib/libctru.a(dsp.o)
                0x0000000000111114                aptDspWakeup
 .text.aptDspCancel
                0x00000000001111c8       0x44 /opt/devkitpro/libctru/lib/libctru.a(dsp.o)
                0x00000000001111c8                aptDspCancel
 .text.DSP_FlushDataCache
                0x000000000011120c       0x50 /opt/devkitpro/libctru/lib/libctru.a(dsp.o)
                0x000000000011120c                DSP_FlushDataCache
 .text.DSP_SetSemaphore
                0x000000000011125c       0x34 /opt/devkitpro/libctru/lib/libctru.a(dsp.o)
                0x000000000011125c                DSP_SetSemaphore
 .text.DSP_SetSemaphoreMask
                0x0000000000111290       0x34 /opt/devkitpro/libctru/lib/libctru.a(dsp.o)
                0x0000000000111290                DSP_SetSemaphoreMask
 .text.DSP_GetSemaphoreHandle
                0x00000000001112c4       0x38 /opt/devkitpro/libctru/lib/libctru.a(dsp.o)
                0x00000000001112c4                DSP_GetSemaphoreHandle
 .text.DSP_LoadComponent
                0x00000000001112fc       0x3c /opt/devkitpro/libctru/lib/libctru.a(dsp.o)
                0x00000000001112fc                DSP_LoadComponent
 .text.DSP_RegisterInterruptEvents
                0x0000000000111338       0x44 /opt/devkitpro/libctru/lib/libctru.a(dsp.o)
                0x0000000000111338                DSP_RegisterInterruptEvents
 .text.DSP_ReadPipeIfPossible
                0x000000000011137c       0x74 /opt/devkitpro/libctru/lib/libctru.a(dsp.o)
                0x000000000011137c                DSP_ReadPipeIfPossible
 .text.DSP_WriteProcessPipe
                0x00000000001113f0       0x4c /opt/devkitpro/libctru/lib/libctru.a(dsp.o)
                0x00000000001113f0                DSP_WriteProcessPipe
 .text.DSP_ConvertProcessAddressFromDspDram
                0x000000000011143c       0x40 /opt/devkitpro/libctru/lib/libctru.a(dsp.o)
                0x000000000011143c                DSP_ConvertProcessAddressFromDspDram
 .text.DSP_RecvData
                0x000000000011147c       0x40 /opt/devkitpro/libctru/lib/libctru.a(dsp.o)
                0x000000000011147c                DSP_RecvData
 .text.DSP_RecvDataIsReady
                0x00000000001114bc       0x4c /opt/devkitpro/libctru/lib/libctru.a(dsp.o)
                0x00000000001114bc                DSP_RecvDataIsReady
 .text.gspHardwareInit
                0x0000000000111508      0xc58 /opt/devkitpro/libctru/lib/libctru.a(gspgpu.o)
 .text.gspInit  0x0000000000112160      0x254 /opt/devkitpro/libctru/lib/libctru.a(gspgpu.o)
                0x0000000000112160                gspInit
 .text.gspExit  0x00000000001123b4       0xf0 /opt/devkitpro/libctru/lib/libctru.a(gspgpu.o)
                0x00000000001123b4                gspExit
 .text.gspHasGpuRight
                0x00000000001124a4       0x10 /opt/devkitpro/libctru/lib/libctru.a(gspgpu.o)
                0x00000000001124a4                gspHasGpuRight
 .text.gspPresentBuffer
                0x00000000001124b4       0x98 /opt/devkitpro/libctru/lib/libctru.a(gspgpu.o)
                0x00000000001124b4                gspPresentBuffer
 .text.gspSetEventCallback
                0x000000000011254c       0x30 /opt/devkitpro/libctru/lib/libctru.a(gspgpu.o)
                0x000000000011254c                gspSetEventCallback
 .text.gspWaitForEvent
                0x000000000011257c       0x50 /opt/devkitpro/libctru/lib/libctru.a(gspgpu.o)
                0x000000000011257c                gspWaitForEvent
 .text.gspWaitForAnyEvent
                0x00000000001125cc       0x4c /opt/devkitpro/libctru/lib/libctru.a(gspgpu.o)
                0x00000000001125cc                gspWaitForAnyEvent
 .text.gspEventThreadMain
                0x0000000000112618      0x160 /opt/devkitpro/libctru/lib/libctru.a(gspgpu.o)
 .text.gspSubmitGxCommand
                0x0000000000112778      0x130 /opt/devkitpro/libctru/lib/libctru.a(gspgpu.o)
                0x0000000000112778                gspSubmitGxCommand
 .text.GSPGPU_FlushDataCache
                0x00000000001128a8       0x50 /opt/devkitpro/libctru/lib/libctru.a(gspgpu.o)
                0x00000000001128a8                GSPGPU_FlushDataCache
 .text.GSPGPU_SetLcdForceBlack
                0x00000000001128f8       0x34 /opt/devkitpro/libctru/lib/libctru.a(gspgpu.o)
                0x00000000001128f8                GSPGPU_SetLcdForceBlack
 .text.GSPGPU_AcquireRight
                0x000000000011292c       0x68 /opt/devkitpro/libctru/lib/libctru.a(gspgpu.o)
                0x000000000011292c                GSPGPU_AcquireRight
 .text.GSPGPU_ReleaseRight
                0x0000000000112994       0x48 /opt/devkitpro/libctru/lib/libctru.a(gspgpu.o)
                0x0000000000112994                GSPGPU_ReleaseRight
 .text.GSPGPU_ImportDisplayCaptureInfo
                0x00000000001129dc       0x7c /opt/devkitpro/libctru/lib/libctru.a(gspgpu.o)
                0x00000000001129dc                GSPGPU_ImportDisplayCaptureInfo
 .text.GSPGPU_SaveVramSysArea
                0x0000000000112a58       0x2c /opt/devkitpro/libctru/lib/libctru.a(gspgpu.o)
                0x0000000000112a58                GSPGPU_SaveVramSysArea
 .text.GSPGPU_RestoreVramSysArea
                0x0000000000112a84       0x2c /opt/devkitpro/libctru/lib/libctru.a(gspgpu.o)
                0x0000000000112a84                GSPGPU_RestoreVramSysArea
 .text.aptConvertScreenForCapture
                0x0000000000112ab0      0x1b0 /opt/devkitpro/libctru/lib/libctru.a(apt.o)
 .text.aptSendCommand
                0x0000000000112c60      0x15c /opt/devkitpro/libctru/lib/libctru.a(apt.o)
                0x0000000000112c60                aptSendCommand
 .text.aptExitProcess
                0x0000000000112dbc       0x38 /opt/devkitpro/libctru/lib/libctru.a(apt.o)
 .text.aptIsActive
                0x0000000000112df4       0x14 /opt/devkitpro/libctru/lib/libctru.a(apt.o)
                0x0000000000112df4                aptIsActive
 .text.aptExit  0x0000000000112e08      0x2f0 /opt/devkitpro/libctru/lib/libctru.a(apt.o)
                0x0000000000112e08                aptExit
 .text.aptHandleSleep
                0x00000000001130f8       0xd8 /opt/devkitpro/libctru/lib/libctru.a(apt.o)
                0x00000000001130f8                aptHandleSleep
 .text.aptHook  0x00000000001131d0       0x30 /opt/devkitpro/libctru/lib/libctru.a(apt.o)
                0x00000000001131d0                aptHook
 .text.aptUnhook
                0x0000000000113200       0x30 /opt/devkitpro/libctru/lib/libctru.a(apt.o)
                0x0000000000113200                aptUnhook
 .text.APT_SleepIfShellClosed
                0x0000000000113230       0x84 /opt/devkitpro/libctru/lib/libctru.a(apt.o)
                0x0000000000113230                APT_SleepIfShellClosed
 .text.aptSetSleepAllowed
                0x00000000001132b4       0x84 /opt/devkitpro/libctru/lib/libctru.a(apt.o)
                0x00000000001132b4                aptSetSleepAllowed
 .text.APT_UnlockTransition
                0x0000000000113338       0x84 /opt/devkitpro/libctru/lib/libctru.a(apt.o)
                0x0000000000113338                APT_UnlockTransition
 *fill*         0x00000000001133bc        0x4 
 .text.aptEventHandler
                0x00000000001133c0      0x484 /opt/devkitpro/libctru/lib/libctru.a(apt.o)
 .text.APT_ReceiveParameter
                0x0000000000113844       0xb0 /opt/devkitpro/libctru/lib/libctru.a(apt.o)
                0x0000000000113844                APT_ReceiveParameter
 .text.aptReceiveParameter.constprop.0
                0x00000000001138f4       0xb0 /opt/devkitpro/libctru/lib/libctru.a(apt.o)
 *fill*         0x00000000001139a4        0x4 
 .text.aptScreenTransfer
                0x00000000001139a8      0x2bc /opt/devkitpro/libctru/lib/libctru.a(apt.o)
 .text.aptWaitForWakeUp.isra.0
                0x0000000000113c64      0x2d0 /opt/devkitpro/libctru/lib/libctru.a(apt.o)
 .text.aptJumpToHomeMenu
                0x0000000000113f34       0xf8 /opt/devkitpro/libctru/lib/libctru.a(apt.o)
                0x0000000000113f34                aptJumpToHomeMenu
 .text.aptMainLoop
                0x000000000011402c       0x4c /opt/devkitpro/libctru/lib/libctru.a(apt.o)
                0x000000000011402c                aptMainLoop
 .text.aptInit  0x0000000000114078      0x234 /opt/devkitpro/libctru/lib/libctru.a(apt.o)
                0x0000000000114078                aptInit
 .text.APT_CheckNew3DS
                0x00000000001142ac       0x7c /opt/devkitpro/libctru/lib/libctru.a(apt.o)
                0x00000000001142ac                APT_CheckNew3DS
 .text.hidShouldUseIrrst
                0x0000000000114328       0x24 /opt/devkitpro/libctru/lib/libctru.a(hid.o)
                0x0000000000114328                hidShouldUseIrrst
 .text.hidInit  0x000000000011434c      0x18c /opt/devkitpro/libctru/lib/libctru.a(hid.o)
                0x000000000011434c                hidInit
 .text.hidExit  0x00000000001144d8       0xe8 /opt/devkitpro/libctru/lib/libctru.a(hid.o)
                0x00000000001144d8                hidExit
 .text.hidScanInput
                0x00000000001145c0      0x294 /opt/devkitpro/libctru/lib/libctru.a(hid.o)
                0x00000000001145c0                hidScanInput
 .text.hidKeysHeld
                0x0000000000114854       0x10 /opt/devkitpro/libctru/lib/libctru.a(hid.o)
                0x0000000000114854                hidKeysHeld
 .text.hidKeysDown
                0x0000000000114864       0x10 /opt/devkitpro/libctru/lib/libctru.a(hid.o)
                0x0000000000114864                hidKeysDown
 .text.hidKeysUp
                0x0000000000114874       0x10 /opt/devkitpro/libctru/lib/libctru.a(hid.o)
                0x0000000000114874                hidKeysUp
 .text.hidTouchRead
                0x0000000000114884       0x18 /opt/devkitpro/libctru/lib/libctru.a(hid.o)
                0x0000000000114884                hidTouchRead
 .text.hidCircleRead
                0x000000000011489c       0x18 /opt/devkitpro/libctru/lib/libctru.a(hid.o)
                0x000000000011489c                hidCircleRead
 .text.fsInit   0x00000000001148b4       0xc8 /opt/devkitpro/libctru/lib/libctru.a(fs.o)
                0x00000000001148b4                fsInit
 .text.fsExit   0x000000000011497c       0x3c /opt/devkitpro/libctru/lib/libctru.a(fs.o)
                0x000000000011497c                fsExit
 .text.fsExemptFromSession
                0x00000000001149b8       0x60 /opt/devkitpro/libctru/lib/libctru.a(fs.o)
                0x00000000001149b8                fsExemptFromSession
 .text.fsUnexemptFromSession
                0x0000000000114a18       0x50 /opt/devkitpro/libctru/lib/libctru.a(fs.o)
                0x0000000000114a18                fsUnexemptFromSession
 .text.FSUSER_OpenFile
                0x0000000000114a68       0xcc /opt/devkitpro/libctru/lib/libctru.a(fs.o)
                0x0000000000114a68                FSUSER_OpenFile
 .text.FSUSER_OpenFileDirectly
                0x0000000000114b34       0xd4 /opt/devkitpro/libctru/lib/libctru.a(fs.o)
                0x0000000000114b34                FSUSER_OpenFileDirectly
 .text.FSUSER_DeleteFile
                0x0000000000114c08       0xbc /opt/devkitpro/libctru/lib/libctru.a(fs.o)
                0x0000000000114c08                FSUSER_DeleteFile
 .text.FSUSER_RenameFile
                0x0000000000114cc4       0xf8 /opt/devkitpro/libctru/lib/libctru.a(fs.o)
                0x0000000000114cc4                FSUSER_RenameFile
 .text.FSUSER_DeleteDirectory
                0x0000000000114dbc       0xbc /opt/devkitpro/libctru/lib/libctru.a(fs.o)
                0x0000000000114dbc                FSUSER_DeleteDirectory
 .text.FSUSER_CreateFile
                0x0000000000114e78       0xd4 /opt/devkitpro/libctru/lib/libctru.a(fs.o)
                0x0000000000114e78                FSUSER_CreateFile
 .text.FSUSER_CreateDirectory
                0x0000000000114f4c       0xc4 /opt/devkitpro/libctru/lib/libctru.a(fs.o)
                0x0000000000114f4c                FSUSER_CreateDirectory
 .text.FSUSER_RenameDirectory
                0x0000000000115010       0xf8 /opt/devkitpro/libctru/lib/libctru.a(fs.o)
                0x0000000000115010                FSUSER_RenameDirectory
 .text.FSUSER_OpenDirectory
                0x0000000000115108       0xb4 /opt/devkitpro/libctru/lib/libctru.a(fs.o)
                0x0000000000115108                FSUSER_OpenDirectory
 .text.FSUSER_OpenArchive
                0x00000000001151bc       0x94 /opt/devkitpro/libctru/lib/libctru.a(fs.o)
                0x00000000001151bc                FSUSER_OpenArchive
 .text.FSUSER_CloseArchive
                0x0000000000115250       0x8c /opt/devkitpro/libctru/lib/libctru.a(fs.o)
                0x0000000000115250                FSUSER_CloseArchive
 .text.FSUSER_GetSdmcArchiveResource
                0x00000000001152dc       0x74 /opt/devkitpro/libctru/lib/libctru.a(fs.o)
                0x00000000001152dc                FSUSER_GetSdmcArchiveResource
 .text.FSUSER_IsSdmcWritable
                0x0000000000115350       0x64 /opt/devkitpro/libctru/lib/libctru.a(fs.o)
                0x0000000000115350                FSUSER_IsSdmcWritable
 .text.FSFILE_Read
                0x00000000001153b4       0x58 /opt/devkitpro/libctru/lib/libctru.a(fs.o)
                0x00000000001153b4                FSFILE_Read
 .text.FSFILE_Write
                0x000000000011540c       0x60 /opt/devkitpro/libctru/lib/libctru.a(fs.o)
                0x000000000011540c                FSFILE_Write
 .text.FSFILE_GetSize
                0x000000000011546c       0x38 /opt/devkitpro/libctru/lib/libctru.a(fs.o)
                0x000000000011546c                FSFILE_GetSize
 .text.FSFILE_SetSize
                0x00000000001154a4       0x28 /opt/devkitpro/libctru/lib/libctru.a(fs.o)
                0x00000000001154a4                FSFILE_SetSize
 .text.FSFILE_Close
                0x00000000001154cc       0x3c /opt/devkitpro/libctru/lib/libctru.a(fs.o)
                0x00000000001154cc                FSFILE_Close
 .text.FSFILE_Flush
                0x0000000000115508       0x24 /opt/devkitpro/libctru/lib/libctru.a(fs.o)
                0x0000000000115508                FSFILE_Flush
 .text.FSDIR_Read
                0x000000000011552c       0x50 /opt/devkitpro/libctru/lib/libctru.a(fs.o)
                0x000000000011552c                FSDIR_Read
 .text.FSDIR_Close
                0x000000000011557c       0x3c /opt/devkitpro/libctru/lib/libctru.a(fs.o)
                0x000000000011557c                FSDIR_Close
 .text.rbtree_init
                0x00000000001155b8       0x10 /opt/devkitpro/libctru/lib/libctru.a(rbtree_init.o)
                0x00000000001155b8                rbtree_init
 .text.do_insert
                0x00000000001155c8      0x1a0 /opt/devkitpro/libctru/lib/libctru.a(rbtree_insert.o)
 .text.rbtree_insert
                0x0000000000115768        0x8 /opt/devkitpro/libctru/lib/libctru.a(rbtree_insert.o)
                0x0000000000115768                rbtree_insert
 .text.rbtree_rotate
                0x0000000000115770       0x90 /opt/devkitpro/libctru/lib/libctru.a(rbtree_rotate.o)
                0x0000000000115770                rbtree_rotate
 .text.rbtree_remove
                0x0000000000115800      0x338 /opt/devkitpro/libctru/lib/libctru.a(rbtree_remove.o)
                0x0000000000115800                rbtree_remove
 .text.rbtree_find
                0x0000000000115b38       0x74 /opt/devkitpro/libctru/lib/libctru.a(rbtree_find.o)
                0x0000000000115b38                rbtree_find
 .text.utf16_to_utf8
                0x0000000000115bac       0xe8 /opt/devkitpro/libctru/lib/libctru.a(utf16_to_utf8.o)
                0x0000000000115bac                utf16_to_utf8
 .text.decode_utf16
                0x0000000000115c94       0x64 /opt/devkitpro/libctru/lib/libctru.a(decode_utf16.o)
                0x0000000000115c94                decode_utf16
 .text.utf8_to_utf16
                0x0000000000115cf8       0xc0 /opt/devkitpro/libctru/lib/libctru.a(utf8_to_utf16.o)
                0x0000000000115cf8                utf8_to_utf16
 .text.__system_allocateHeaps
                0x0000000000115db8      0x1e0 /opt/devkitpro/libctru/lib/libctru.a(allocateHeaps.o)
                0x0000000000115db8                __system_allocateHeaps
 .text.__libctru_init
                0x0000000000115f98       0x38 /opt/devkitpro/libctru/lib/libctru.a(ctru_init.o)
                0x0000000000115f98                __libctru_init
 .text.__system_initArgv
                0x0000000000115fd0       0xf0 /opt/devkitpro/libctru/lib/libctru.a(initArgv.o)
                0x0000000000115fd0                __system_initArgv
 .text.svcControlMemory
                0x00000000001160c0       0x20 /opt/devkitpro/libctru/lib/libctru.a(svc.o)
                0x00000000001160c0                svcControlMemory
 .text.svcQueryMemory
                0x00000000001160e0       0x30 /opt/devkitpro/libctru/lib/libctru.a(svc.o)
                0x00000000001160e0                svcQueryMemory
 .text.svcExitProcess
                0x0000000000116110        0x8 /opt/devkitpro/libctru/lib/libctru.a(svc.o)
                0x0000000000116110                svcExitProcess
 .text.svcCreateThread
                0x0000000000116118       0x20 /opt/devkitpro/libctru/lib/libctru.a(svc.o)
                0x0000000000116118                svcCreateThread
 .text.svcExitThread
                0x0000000000116138        0x8 /opt/devkitpro/libctru/lib/libctru.a(svc.o)
                0x0000000000116138                svcExitThread
 .text.svcSleepThread
                0x0000000000116140        0x8 /opt/devkitpro/libctru/lib/libctru.a(svc.o)
                0x0000000000116140                svcSleepThread
 .text.svcGetThreadPriority
                0x0000000000116148       0x14 /opt/devkitpro/libctru/lib/libctru.a(svc.o)
                0x0000000000116148                svcGetThreadPriority
 .text.svcReleaseMutex
                0x000000000011615c        0x8 /opt/devkitpro/libctru/lib/libctru.a(svc.o)
                0x000000000011615c                svcReleaseMutex
 .text.svcCreateEvent
                0x0000000000116164       0x14 /opt/devkitpro/libctru/lib/libctru.a(svc.o)
                0x0000000000116164                svcCreateEvent
 .text.svcSignalEvent
                0x0000000000116178        0x8 /opt/devkitpro/libctru/lib/libctru.a(svc.o)
                0x0000000000116178                svcSignalEvent
 .text.svcClearEvent
                0x0000000000116180        0x8 /opt/devkitpro/libctru/lib/libctru.a(svc.o)
                0x0000000000116180                svcClearEvent
 .text.svcMapMemoryBlock
                0x0000000000116188        0x8 /opt/devkitpro/libctru/lib/libctru.a(svc.o)
                0x0000000000116188                svcMapMemoryBlock
 .text.svcUnmapMemoryBlock
                0x0000000000116190        0x8 /opt/devkitpro/libctru/lib/libctru.a(svc.o)
                0x0000000000116190                svcUnmapMemoryBlock
 .text.svcCreateAddressArbiter
                0x0000000000116198       0x14 /opt/devkitpro/libctru/lib/libctru.a(svc.o)
                0x0000000000116198                svcCreateAddressArbiter
 .text.svcArbitrateAddressNoTimeout
                0x00000000001161ac        0x8 /opt/devkitpro/libctru/lib/libctru.a(svc.o)
                0x00000000001161ac                svcArbitrateAddressNoTimeout
 .text.svcCloseHandle
                0x00000000001161b4        0x8 /opt/devkitpro/libctru/lib/libctru.a(svc.o)
                0x00000000001161b4                svcCloseHandle
 .text.svcWaitSynchronization
                0x00000000001161bc        0x8 /opt/devkitpro/libctru/lib/libctru.a(svc.o)
                0x00000000001161bc                svcWaitSynchronization
 .text.svcWaitSynchronizationN
                0x00000000001161c4       0x28 /opt/devkitpro/libctru/lib/libctru.a(svc.o)
                0x00000000001161c4                svcWaitSynchronizationN
 .text.svcDuplicateHandle
                0x00000000001161ec       0x14 /opt/devkitpro/libctru/lib/libctru.a(svc.o)
                0x00000000001161ec                svcDuplicateHandle
 .text.svcGetSystemTick
                0x0000000000116200        0x8 /opt/devkitpro/libctru/lib/libctru.a(svc.o)
                0x0000000000116200                svcGetSystemTick
 .text.svcConnectToPort
                0x0000000000116208       0x14 /opt/devkitpro/libctru/lib/libctru.a(svc.o)
                0x0000000000116208                svcConnectToPort
 .text.svcSendSyncRequest
                0x000000000011621c        0x8 /opt/devkitpro/libctru/lib/libctru.a(svc.o)
                0x000000000011621c                svcSendSyncRequest
 .text.svcGetThreadId
                0x0000000000116224       0x14 /opt/devkitpro/libctru/lib/libctru.a(svc.o)
                0x0000000000116224                svcGetThreadId
 .text.svcGetResourceLimit
                0x0000000000116238       0x14 /opt/devkitpro/libctru/lib/libctru.a(svc.o)
                0x0000000000116238                svcGetResourceLimit
 .text.svcGetResourceLimitLimitValues
                0x000000000011624c        0x8 /opt/devkitpro/libctru/lib/libctru.a(svc.o)
                0x000000000011624c                svcGetResourceLimitLimitValues
 .text.svcGetResourceLimitCurrentValues
                0x0000000000116254        0x8 /opt/devkitpro/libctru/lib/libctru.a(svc.o)
                0x0000000000116254                svcGetResourceLimitCurrentValues
 .text.svcBreak
                0x000000000011625c        0x8 /opt/devkitpro/libctru/lib/libctru.a(svc.o)
                0x000000000011625c                svcBreak
 .text.initSystem
                0x0000000000116264       0x50 /opt/devkitpro/libctru/lib/libctru.a(stack_adjust.o)
                0x0000000000116264                initSystem
 .text.__ctru_exit
                0x00000000001162b4       0x18 /opt/devkitpro/libctru/lib/libctru.a(stack_adjust.o)
                0x00000000001162b4                __ctru_exit
 .text.__aeabi_read_tp
                0x00000000001162cc        0xc /opt/devkitpro/libctru/lib/libctru.a(readtp.o)
                0x00000000001162cc                __aeabi_read_tp
 .text._ZL21addrMapNodeComparatorPK11rbtree_nodeS1_
                0x00000000001162d8       0x24 /opt/devkitpro/libctru/lib/libctru.a(vram.o)
 .text._ZL21addrMapNodeDestructorP11rbtree_node
                0x00000000001162fc        0x4 /opt/devkitpro/libctru/lib/libctru.a(vram.o)
 .text.vramMemAlign
                0x0000000000116300      0x114 /opt/devkitpro/libctru/lib/libctru.a(vram.o)
                0x0000000000116300                vramMemAlign
 .text.vramAlloc
                0x0000000000116414        0x8 /opt/devkitpro/libctru/lib/libctru.a(vram.o)
                0x0000000000116414                vramAlloc
 .text.vramFree
                0x000000000011641c       0x5c /opt/devkitpro/libctru/lib/libctru.a(vram.o)
                0x000000000011641c                vramFree
 .text.__sync_init
                0x0000000000116478        0xc /opt/devkitpro/libctru/lib/libctru.a(synchronization.o)
                0x0000000000116478                __sync_init
 .text.__sync_fini
                0x0000000000116484       0x18 /opt/devkitpro/libctru/lib/libctru.a(synchronization.o)
                0x0000000000116484                __sync_fini
 .text.syncArbitrateAddress
                0x000000000011649c       0x2c /opt/devkitpro/libctru/lib/libctru.a(synchronization.o)
                0x000000000011649c                syncArbitrateAddress
 .text.LightLock_Init
                0x00000000001164c8       0x1c /opt/devkitpro/libctru/lib/libctru.a(synchronization.o)
                0x00000000001164c8                LightLock_Init
 .text.LightLock_Lock
                0x00000000001164e4       0x94 /opt/devkitpro/libctru/lib/libctru.a(synchronization.o)
                0x00000000001164e4                LightLock_Lock
 .text.LightLock_TryLock
                0x0000000000116578       0x44 /opt/devkitpro/libctru/lib/libctru.a(synchronization.o)
                0x0000000000116578                LightLock_TryLock
 .text.LightLock_Unlock
                0x00000000001165bc       0x40 /opt/devkitpro/libctru/lib/libctru.a(synchronization.o)
                0x00000000001165bc                LightLock_Unlock
 .text.RecursiveLock_Init
                0x00000000001165fc       0x24 /opt/devkitpro/libctru/lib/libctru.a(synchronization.o)
                0x00000000001165fc                RecursiveLock_Init
 .text.RecursiveLock_Lock
                0x0000000000116620       0x30 /opt/devkitpro/libctru/lib/libctru.a(synchronization.o)
                0x0000000000116620                RecursiveLock_Lock
 .text.RecursiveLock_TryLock
                0x0000000000116650       0x78 /opt/devkitpro/libctru/lib/libctru.a(synchronization.o)
                0x0000000000116650                RecursiveLock_TryLock
 .text.RecursiveLock_Unlock
                0x00000000001166c8       0x54 /opt/devkitpro/libctru/lib/libctru.a(synchronization.o)
                0x00000000001166c8                RecursiveLock_Unlock
 .text.CondVar_Init
                0x000000000011671c        0xc /opt/devkitpro/libctru/lib/libctru.a(synchronization.o)
                0x000000000011671c                CondVar_Init
 .text.CondVar_Wait
                0x0000000000116728       0x84 /opt/devkitpro/libctru/lib/libctru.a(synchronization.o)
                0x0000000000116728                CondVar_Wait
 .text.CondVar_WakeUp
                0x00000000001167ac       0x88 /opt/devkitpro/libctru/lib/libctru.a(synchronization.o)
                0x00000000001167ac                CondVar_WakeUp
 .text.LightEvent_Init
                0x0000000000116834       0x40 /opt/devkitpro/libctru/lib/libctru.a(synchronization.o)
                0x0000000000116834                LightEvent_Init
 .text.LightEvent_Clear
                0x0000000000116874       0xa4 /opt/devkitpro/libctru/lib/libctru.a(synchronization.o)
                0x0000000000116874                LightEvent_Clear
 .text.LightEvent_Signal
                0x0000000000116918       0xc8 /opt/devkitpro/libctru/lib/libctru.a(synchronization.o)
                0x0000000000116918                LightEvent_Signal
 .text.LightEvent_TryWait
                0x00000000001169e0       0x58 /opt/devkitpro/libctru/lib/libctru.a(synchronization.o)
                0x00000000001169e0                LightEvent_TryWait
 .text.LightEvent_Wait
                0x0000000000116a38       0xb0 /opt/devkitpro/libctru/lib/libctru.a(synchronization.o)
                0x0000000000116a38                LightEvent_Wait
 .text.LightSemaphore_Init
                0x0000000000116ae8       0x14 /opt/devkitpro/libctru/lib/libctru.a(synchronization.o)
                0x0000000000116ae8                LightSemaphore_Init
 .text.LightSemaphore_Acquire
                0x0000000000116afc       0x94 /opt/devkitpro/libctru/lib/libctru.a(synchronization.o)
                0x0000000000116afc                LightSemaphore_Acquire
 .text.LightSemaphore_Release
                0x0000000000116b90       0x64 /opt/devkitpro/libctru/lib/libctru.a(synchronization.o)
                0x0000000000116b90                LightSemaphore_Release
 .text.envGetHandle
                0x0000000000116bf4       0x84 /opt/devkitpro/libctru/lib/libctru.a(env.o)
                0x0000000000116bf4                envGetHandle
 .text.envDestroyHandles
                0x0000000000116c78       0x50 /opt/devkitpro/libctru/lib/libctru.a(env.o)
                0x0000000000116c78                envDestroyHandles
 .text.osConvertVirtToPhys
                0x0000000000116cc8       0x74 /opt/devkitpro/libctru/lib/libctru.a(os.o)
                0x0000000000116cc8                osConvertVirtToPhys
 .text.osGetTimeRef
                0x0000000000116d3c       0x54 /opt/devkitpro/libctru/lib/libctru.a(os.o)
                0x0000000000116d3c                osGetTimeRef
 .text.osGetTime
                0x0000000000116d90       0xe4 /opt/devkitpro/libctru/lib/libctru.a(os.o)
                0x0000000000116d90                osGetTime
 .text.__libctru_gtod
                0x0000000000116e74       0x74 /opt/devkitpro/libctru/lib/libctru.a(os.o)
                0x0000000000116e74                __libctru_gtod
 .text.__ctru_speedup_config
                0x0000000000116ee8       0x34 /opt/devkitpro/libctru/lib/libctru.a(os.o)
                0x0000000000116ee8                __ctru_speedup_config
 .text.srvInit  0x0000000000116f1c      0x124 /opt/devkitpro/libctru/lib/libctru.a(srv.o)
                0x0000000000116f1c                srvInit
 .text.srvExit  0x0000000000117040       0x58 /opt/devkitpro/libctru/lib/libctru.a(srv.o)
                0x0000000000117040                srvExit
 .text.srvGetServiceHandleDirect
                0x0000000000117098       0x80 /opt/devkitpro/libctru/lib/libctru.a(srv.o)
                0x0000000000117098                srvGetServiceHandleDirect
 .text.srvGetServiceHandle
                0x0000000000117118       0x48 /opt/devkitpro/libctru/lib/libctru.a(srv.o)
                0x0000000000117118                srvGetServiceHandle
 .text.srvPublishToSubscriber
                0x0000000000117160       0x38 /opt/devkitpro/libctru/lib/libctru.a(srv.o)
                0x0000000000117160                srvPublishToSubscriber
 .text.threadCreate
                0x0000000000117198      0x188 /opt/devkitpro/libctru/lib/libctru.a(thread.o)
                0x0000000000117198                threadCreate
 .text.threadGetHandle
                0x0000000000117320       0x24 /opt/devkitpro/libctru/lib/libctru.a(thread.o)
                0x0000000000117320                threadGetHandle
 .text.threadFree
                0x0000000000117344       0x2c /opt/devkitpro/libctru/lib/libctru.a(thread.o)
                0x0000000000117344                threadFree
 .text.threadJoin
                0x0000000000117370       0x24 /opt/devkitpro/libctru/lib/libctru.a(thread.o)
                0x0000000000117370                threadJoin
 .text.threadGetCurrent
                0x0000000000117394       0x30 /opt/devkitpro/libctru/lib/libctru.a(thread.o)
                0x0000000000117394                threadGetCurrent
 .text.threadExit
                0x00000000001173c4       0x40 /opt/devkitpro/libctru/lib/libctru.a(thread.o)
                0x00000000001173c4                threadExit
 .text._thread_begin
                0x0000000000117404       0x44 /opt/devkitpro/libctru/lib/libctru.a(thread.o)
 .text.mappableFindAddressWithin
                0x0000000000117448       0x94 /opt/devkitpro/libctru/lib/libctru.a(mappable.o)
 .text.mappableInit
                0x00000000001174dc       0x28 /opt/devkitpro/libctru/lib/libctru.a(mappable.o)
                0x00000000001174dc                mappableInit
 .text.mappableAlloc
                0x0000000000117504       0x80 /opt/devkitpro/libctru/lib/libctru.a(mappable.o)
                0x0000000000117504                mappableAlloc
 .text.mappableFree
                0x0000000000117584        0x4 /opt/devkitpro/libctru/lib/libctru.a(mappable.o)
                0x0000000000117584                mappableFree
 .text.irrstInit
                0x0000000000117588      0x160 /opt/devkitpro/libctru/lib/libctru.a(irrst.o)
                0x0000000000117588                irrstInit
 .text.irrstExit
                0x00000000001176e8       0xcc /opt/devkitpro/libctru/lib/libctru.a(irrst.o)
                0x00000000001176e8                irrstExit
 .text.irrstScanInput
                0x00000000001177b4       0xb0 /opt/devkitpro/libctru/lib/libctru.a(irrst.o)
                0x00000000001177b4                irrstScanInput
 .text.irrstKeysHeld
                0x0000000000117864       0x24 /opt/devkitpro/libctru/lib/libctru.a(irrst.o)
                0x0000000000117864                irrstKeysHeld
 .text.irrstCstickRead
                0x0000000000117888       0x18 /opt/devkitpro/libctru/lib/libctru.a(irrst.o)
                0x0000000000117888                irrstCstickRead
 .text.srvPmGetSessionHandle
                0x00000000001178a0        0xc /opt/devkitpro/libctru/lib/libctru.a(srvpm.o)
                0x00000000001178a0                srvPmGetSessionHandle
 .text.ptmSysmInit
                0x00000000001178ac       0x74 /opt/devkitpro/libctru/lib/libctru.a(ptmsysm.o)
                0x00000000001178ac                ptmSysmInit
 .text.ptmSysmExit
                0x0000000000117920       0x3c /opt/devkitpro/libctru/lib/libctru.a(ptmsysm.o)
                0x0000000000117920                ptmSysmExit
 .text.PTMSYSM_ConfigureNew3DSCPU
                0x000000000011795c       0x34 /opt/devkitpro/libctru/lib/libctru.a(ptmsysm.o)
                0x000000000011795c                PTMSYSM_ConfigureNew3DSCPU
 .text.rbtree_node_next
                0x0000000000117990       0x50 /opt/devkitpro/libctru/lib/libctru.a(rbtree_iterator.o)
                0x0000000000117990                rbtree_node_next
 .text.encode_utf16
                0x00000000001179e0       0x60 /opt/devkitpro/libctru/lib/libctru.a(encode_utf16.o)
                0x00000000001179e0                encode_utf16
 .text.encode_utf8
                0x0000000000117a40       0xfc /opt/devkitpro/libctru/lib/libctru.a(encode_utf8.o)
                0x0000000000117a40                encode_utf8
 .text.decode_utf8
                0x0000000000117b3c      0x13c /opt/devkitpro/libctru/lib/libctru.a(decode_utf8.o)
                0x0000000000117b3c                decode_utf8
 .text.__appInit
                0x0000000000117c78       0x30 /opt/devkitpro/libctru/lib/libctru.a(appInit.o)
                0x0000000000117c78                __appInit
 .text.__libctru_nanosleep
                0x0000000000117ca8       0x30 /opt/devkitpro/libctru/lib/libctru.a(syscalls.o)
 .text.__libctru_get_reent
                0x0000000000117cd8       0x30 /opt/devkitpro/libctru/lib/libctru.a(syscalls.o)
 .text.__system_initSyscalls
                0x0000000000117d08       0xf8 /opt/devkitpro/libctru/lib/libctru.a(syscalls.o)
                0x0000000000117d08                __system_initSyscalls
 .text.__appExit
                0x0000000000117e00       0x30 /opt/devkitpro/libctru/lib/libctru.a(appExit.o)
                0x0000000000117e00                __appExit
 .text.__libctru_exit
                0x0000000000117e30       0x90 /opt/devkitpro/libctru/lib/libctru.a(ctru_exit.o)
                0x0000000000117e30                __libctru_exit
 .text.archive_link
                0x0000000000117ec0       0x14 /opt/devkitpro/libctru/lib/libctru.a(archive_dev.o)
 .text.archive_dirreset
                0x0000000000117ed4       0x14 /opt/devkitpro/libctru/lib/libctru.a(archive_dev.o)
 .text.archive_chmod
                0x0000000000117ee8       0x14 /opt/devkitpro/libctru/lib/libctru.a(archive_dev.o)
 .text.error_cmp
                0x0000000000117efc       0x24 /opt/devkitpro/libctru/lib/libctru.a(archive_dev.o)
 .text.archive_translate_error
                0x0000000000117f20       0x50 /opt/devkitpro/libctru/lib/libctru.a(archive_dev.o)
 .text.archive_seek
                0x0000000000117f70       0xd4 /opt/devkitpro/libctru/lib/libctru.a(archive_dev.o)
 .text._archiveInit.part.0
                0x0000000000118044       0x7c /opt/devkitpro/libctru/lib/libctru.a(archive_dev.o)
 .text.archiveFindDevice.part.0
                0x00000000001180c0       0x8c /opt/devkitpro/libctru/lib/libctru.a(archive_dev.o)
 .text.archive_utf16path
                0x000000000011814c      0x294 /opt/devkitpro/libctru/lib/libctru.a(archive_dev.o)
 .text._archiveUnmountDeviceStruct.part.0
                0x00000000001183e0       0xa0 /opt/devkitpro/libctru/lib/libctru.a(archive_dev.o)
 .text.archive_fchmod
                0x0000000000118480       0x14 /opt/devkitpro/libctru/lib/libctru.a(archive_dev.o)
 .text.archive_statvfs
                0x0000000000118494       0x14 /opt/devkitpro/libctru/lib/libctru.a(archive_dev.o)
 .text._archiveMountDevice
                0x00000000001184a8      0x158 /opt/devkitpro/libctru/lib/libctru.a(archive_dev.o)
 .text.archive_diropen
                0x0000000000118600       0xe8 /opt/devkitpro/libctru/lib/libctru.a(archive_dev.o)
 .text.archive_fstat
                0x00000000001186e8       0xa4 /opt/devkitpro/libctru/lib/libctru.a(archive_dev.o)
 .text.archive_close
                0x000000000011878c       0x6c /opt/devkitpro/libctru/lib/libctru.a(archive_dev.o)
 .text.archive_fsync
                0x00000000001187f8       0x6c /opt/devkitpro/libctru/lib/libctru.a(archive_dev.o)
 .text.archive_dirclose
                0x0000000000118864       0x70 /opt/devkitpro/libctru/lib/libctru.a(archive_dev.o)
 .text.sdmc_statvfs
                0x00000000001188d4       0xe8 /opt/devkitpro/libctru/lib/libctru.a(archive_dev.o)
 .text.archive_ftruncate
                0x00000000001189bc       0x80 /opt/devkitpro/libctru/lib/libctru.a(archive_dev.o)
 .text.archive_chdir
                0x0000000000118a3c       0xfc /opt/devkitpro/libctru/lib/libctru.a(archive_dev.o)
 .text.archive_read
                0x0000000000118b38       0xb0 /opt/devkitpro/libctru/lib/libctru.a(archive_dev.o)
 .text.archive_unlink
                0x0000000000118be8       0xac /opt/devkitpro/libctru/lib/libctru.a(archive_dev.o)
 .text.archive_rmdir
                0x0000000000118c94       0xc8 /opt/devkitpro/libctru/lib/libctru.a(archive_dev.o)
 .text.archive_mkdir
                0x0000000000118d5c       0xec /opt/devkitpro/libctru/lib/libctru.a(archive_dev.o)
 .text.archive_stat
                0x0000000000118e48      0x1a8 /opt/devkitpro/libctru/lib/libctru.a(archive_dev.o)
 .text.archive_rename
                0x0000000000118ff0      0x184 /opt/devkitpro/libctru/lib/libctru.a(archive_dev.o)
 .text.archive_dirnext
                0x0000000000119174      0x168 /opt/devkitpro/libctru/lib/libctru.a(archive_dev.o)
 .text.archive_write
                0x00000000001192dc      0x12c /opt/devkitpro/libctru/lib/libctru.a(archive_dev.o)
 .text.archive_open
                0x0000000000119408      0x1f0 /opt/devkitpro/libctru/lib/libctru.a(archive_dev.o)
 .text.archiveMountSdmc
                0x00000000001195f8      0x1a4 /opt/devkitpro/libctru/lib/libctru.a(archive_dev.o)
                0x00000000001195f8                archiveMountSdmc
 .text.archiveUnmountAll
                0x000000000011979c       0x54 /opt/devkitpro/libctru/lib/libctru.a(archive_dev.o)
                0x000000000011979c                archiveUnmountAll
 .text.cosf     0x00000000001197f0      0x22c /opt/devkitpro/devkitARM/bin/../lib/gcc/arm-none-eabi/10.2.0/../../../../arm-none-eabi/lib/armv6k/fpu/libm.a(lib_a-cosf.o)
                0x00000000001197f0                cosf
 .text.with_errnof
                0x0000000000119a1c       0x24 /opt/devkitpro/devkitARM/bin/../lib/gcc/arm-none-eabi/10.2.0/../../../../arm-none-eabi/lib/armv6k/fpu/libm.a(lib_a-math_errf.o)
 .text.__math_invalidf
                0x0000000000119a40       0x1c /opt/devkitpro/devkitARM/bin/../lib/gcc/arm-none-eabi/10.2.0/../../../../arm-none-eabi/lib/armv6k/fpu/libm.a(lib_a-math_errf.o)
                0x0000000000119a40                __math_invalidf
 *fill*         0x0000000000119a5c        0x4 
 .text.pow      0x0000000000119a60      0x6f8 /opt/devkitpro/devkitARM/bin/../lib/gcc/arm-none-eabi/10.2.0/../../../../arm-none-eabi/lib/armv6k/fpu/libm.a(lib_a-pow.o)
                0x0000000000119a60                pow
 .text.sinf     0x000000000011a158      0x274 /opt/devkitpro/devkitARM/bin/../lib/gcc/arm-none-eabi/10.2.0/../../../../arm-none-eabi/lib/armv6k/fpu/libm.a(lib_a-sinf.o)
                0x000000000011a158                sinf
 .text.ldexp    0x000000000011a3cc       0x8c /opt/devkitpro/devkitARM/bin/../lib/gcc/arm-none-eabi/10.2.0/../../../../arm-none-eabi/lib/armv6k/fpu/libm.a(lib_a-s_ldexp.o)
                0x000000000011a3cc                ldexp
 .text.scalbn   0x000000000011a458      0x138 /opt/devkitpro/devkitARM/bin/../lib/gcc/arm-none-eabi/10.2.0/../../../../arm-none-eabi/lib/armv6k/fpu/libm.a(lib_a-s_scalbn.o)
                0x000000000011a458                scalbn
 .text.sin      0x000000000011a590       0xc8 /opt/devkitpro/devkitARM/bin/../lib/gcc/arm-none-eabi/10.2.0/../../../../arm-none-eabi/lib/armv6k/fpu/libm.a(lib_a-s_sin.o)
                0x000000000011a590                sin
 .text.__ieee754_rem_pio2
                0x000000000011a658      0x328 /opt/devkitpro/devkitARM/bin/../lib/gcc/arm-none-eabi/10.2.0/../../../../arm-none-eabi/lib/armv6k/fpu/libm.a(lib_a-e_rem_pio2.o)
                0x000000000011a658                __ieee754_rem_pio2
 .text.__kernel_cos
                0x000000000011a980      0x158 /opt/devkitpro/devkitARM/bin/../lib/gcc/arm-none-eabi/10.2.0/../../../../arm-none-eabi/lib/armv6k/fpu/libm.a(lib_a-k_cos.o)
                0x000000000011a980                __kernel_cos
 .text.__kernel_rem_pio2
                0x000000000011aad8      0x88c /opt/devkitpro/devkitARM/bin/../lib/gcc/arm-none-eabi/10.2.0/../../../../arm-none-eabi/lib/armv6k/fpu/libm.a(lib_a-k_rem_pio2.o)
                0x000000000011aad8                __kernel_rem_pio2
 *fill*         0x000000000011b364        0x4 
 .text.__kernel_sin
                0x000000000011b368       0xc0 /opt/devkitpro/devkitARM/bin/../lib/gcc/arm-none-eabi/10.2.0/../../../../arm-none-eabi/lib/armv6k/fpu/libm.a(lib_a-k_sin.o)
                0x000000000011b368                __kernel_sin
 .text.with_errno
                0x000000000011b428       0x24 /opt/devkitpro/devkitARM/bin/../lib/gcc/arm-none-eabi/10.2.0/../../../../arm-none-eabi/lib/armv6k/fpu/libm.a(lib_a-math_err.o)
 .text.xflow    0x000000000011b44c       0x28 /opt/devkitpro/devkitARM/bin/../lib/gcc/arm-none-eabi/10.2.0/../../../../arm-none-eabi/lib/armv6k/fpu/libm.a(lib_a-math_err.o)
 *fill*         0x000000000011b474        0x4 
 .text.__math_uflow
                0x000000000011b478       0x10 /opt/devkitpro/devkitARM/bin/../lib/gcc/arm-none-eabi/10.2.0/../../../../arm-none-eabi/lib/armv6k/fpu/libm.a(lib_a-math_err.o)
                0x000000000011b478                __math_uflow
 .text.__math_oflow
                0x000000000011b488       0x10 /opt/devkitpro/devkitARM/bin/../lib/gcc/arm-none-eabi/10.2.0/../../../../arm-none-eabi/lib/armv6k/fpu/libm.a(lib_a-math_err.o)
                0x000000000011b488                __math_oflow
 .text.__math_divzero
                0x000000000011b498       0x50 /opt/devkitpro/devkitARM/bin/../lib/gcc/arm-none-eabi/10.2.0/../../../../arm-none-eabi/lib/armv6k/fpu/libm.a(lib_a-math_err.o)
                0x000000000011b498                __math_divzero
 .text.__math_invalid
                0x000000000011b4e8       0x1c /opt/devkitpro/devkitARM/bin/../lib/gcc/arm-none-eabi/10.2.0/../../../../arm-none-eabi/lib/armv6k/fpu/libm.a(lib_a-math_err.o)
                0x000000000011b4e8                __math_invalid
 .text.__math_check_uflow
                0x000000000011b504       0x14 /opt/devkitpro/devkitARM/bin/../lib/gcc/arm-none-eabi/10.2.0/../../../../arm-none-eabi/lib/armv6k/fpu/libm.a(lib_a-math_err.o)
                0x000000000011b504                __math_check_uflow
 .text.__math_check_oflow
                0x000000000011b518       0x28 /opt/devkitpro/devkitARM/bin/../lib/gcc/arm-none-eabi/10.2.0/../../../../arm-none-eabi/lib/armv6k/fpu/libm.a(lib_a-math_err.o)
                0x000000000011b518                __math_check_oflow
 .text.fabs     0x000000000011b540       0x14 /opt/devkitpro/devkitARM/bin/../lib/gcc/arm-none-eabi/10.2.0/../../../../arm-none-eabi/lib/armv6k/fpu/libm.a(lib_a-s_fabs.o)
                0x000000000011b540                fabs
 .text.finite   0x000000000011b554       0x20 /opt/devkitpro/devkitARM/bin/../lib/gcc/arm-none-eabi/10.2.0/../../../../arm-none-eabi/lib/armv6k/fpu/libm.a(lib_a-s_finite.o)
                0x000000000011b554                finite
 *fill*         0x000000000011b574        0x4 
 .text.floor    0x000000000011b578      0x164 /opt/devkitpro/devkitARM/bin/../lib/gcc/arm-none-eabi/10.2.0/../../../../arm-none-eabi/lib/armv6k/fpu/libm.a(lib_a-s_floor.o)
                0x000000000011b578                floor
 .text.SDL_InitSubSystem
                0x000000000011b6dc      0x158 /opt/devkitpro/portlibs/3ds/lib/libSDL.a(SDL.o)
                0x000000000011b6dc                SDL_InitSubSystem
 .text.SDL_Init
                0x000000000011b834       0x40 /opt/devkitpro/portlibs/3ds/lib/libSDL.a(SDL.o)
                0x000000000011b834                SDL_Init
 .text.SDL_QuitSubSystem
                0x000000000011b874       0x9c /opt/devkitpro/portlibs/3ds/lib/libSDL.a(SDL.o)
                0x000000000011b874                SDL_QuitSubSystem
 .text.SDL_Quit
                0x000000000011b910       0x18 /opt/devkitpro/portlibs/3ds/lib/libSDL.a(SDL.o)
                0x000000000011b910                SDL_Quit
 .text.SDL_SetError
                0x000000000011b928      0x208 /opt/devkitpro/portlibs/3ds/lib/libSDL.a(SDL_error.o)
                0x000000000011b928                SDL_SetError
 .text.SDL_GetErrorMsg
                0x000000000011bb30      0x2e8 /opt/devkitpro/portlibs/3ds/lib/libSDL.a(SDL_error.o)
                0x000000000011bb30                SDL_GetErrorMsg
 .text.SDL_GetError
                0x000000000011be18       0x10 /opt/devkitpro/portlibs/3ds/lib/libSDL.a(SDL_error.o)
                0x000000000011be18                SDL_GetError
 .text.SDL_ClearError
                0x000000000011be28       0x14 /opt/devkitpro/portlibs/3ds/lib/libSDL.a(SDL_error.o)
                0x000000000011be28                SDL_ClearError
 .text.SDL_Error
                0x000000000011be3c       0x58 /opt/devkitpro/portlibs/3ds/lib/libSDL.a(SDL_error.o)
                0x000000000011be3c                SDL_Error
 .text.SDL_Parachute
                0x000000000011be94       0x20 /opt/devkitpro/portlibs/3ds/lib/libSDL.a(SDL_fatal.o)
 .text.SDL_InstallParachute
                0x000000000011beb4       0x4c /opt/devkitpro/portlibs/3ds/lib/libSDL.a(SDL_fatal.o)
                0x000000000011beb4                SDL_InstallParachute
 .text.SDL_UninstallParachute
                0x000000000011bf00       0x50 /opt/devkitpro/portlibs/3ds/lib/libSDL.a(SDL_fatal.o)
                0x000000000011bf00                SDL_UninstallParachute
 .text.SDL_LockAudio_Default
                0x000000000011bf50       0x30 /opt/devkitpro/portlibs/3ds/lib/libSDL.a(SDL_audio.o)
 .text.SDL_UnlockAudio_Default
                0x000000000011bf80       0x30 /opt/devkitpro/portlibs/3ds/lib/libSDL.a(SDL_audio.o)
 .text.SDL_RunAudio
                0x000000000011bfb0      0x19c /opt/devkitpro/portlibs/3ds/lib/libSDL.a(SDL_audio.o)
                0x000000000011bfb0                SDL_RunAudio
 .text.SDL_OpenAudio
                0x000000000011c14c      0x4cc /opt/devkitpro/portlibs/3ds/lib/libSDL.a(SDL_audio.o)
                0x000000000011c14c                SDL_OpenAudio
 .text.SDL_PauseAudio
                0x000000000011c618       0x18 /opt/devkitpro/portlibs/3ds/lib/libSDL.a(SDL_audio.o)
                0x000000000011c618                SDL_PauseAudio
 .text.SDL_LockAudio
                0x000000000011c630       0x24 /opt/devkitpro/portlibs/3ds/lib/libSDL.a(SDL_audio.o)
                0x000000000011c630                SDL_LockAudio
 .text.SDL_UnlockAudio
                0x000000000011c654       0x24 /opt/devkitpro/portlibs/3ds/lib/libSDL.a(SDL_audio.o)
                0x000000000011c654                SDL_UnlockAudio
 .text.SDL_CloseAudio
                0x000000000011c678        0x8 /opt/devkitpro/portlibs/3ds/lib/libSDL.a(SDL_audio.o)
                0x000000000011c678                SDL_CloseAudio
 .text.SDL_AudioQuit
                0x000000000011c680       0xac /opt/devkitpro/portlibs/3ds/lib/libSDL.a(SDL_audio.o)
                0x000000000011c680                SDL_AudioQuit
 .text.SDL_AudioInit
                0x000000000011c72c      0x104 /opt/devkitpro/portlibs/3ds/lib/libSDL.a(SDL_audio.o)
                0x000000000011c72c                SDL_AudioInit
 .text.SDL_FirstAudioFormat
                0x000000000011c830       0xa8 /opt/devkitpro/portlibs/3ds/lib/libSDL.a(SDL_audio.o)
                0x000000000011c830                SDL_FirstAudioFormat
 .text.SDL_NextAudioFormat
                0x000000000011c8d8       0x54 /opt/devkitpro/portlibs/3ds/lib/libSDL.a(SDL_audio.o)
                0x000000000011c8d8                SDL_NextAudioFormat
 .text.SDL_CalculateAudioSpec
                0x000000000011c92c       0x34 /opt/devkitpro/portlibs/3ds/lib/libSDL.a(SDL_audio.o)
                0x000000000011c92c                SDL_CalculateAudioSpec
 .text.SDL_ConvertMono
                0x000000000011c960      0x27c /opt/devkitpro/portlibs/3ds/lib/libSDL.a(SDL_audiocvt.o)
                0x000000000011c960                SDL_ConvertMono
 .text.SDL_ConvertStrip
                0x000000000011cbdc      0x290 /opt/devkitpro/portlibs/3ds/lib/libSDL.a(SDL_audiocvt.o)
                0x000000000011cbdc                SDL_ConvertStrip
 .text.SDL_ConvertStrip_2
                0x000000000011ce6c      0x294 /opt/devkitpro/portlibs/3ds/lib/libSDL.a(SDL_audiocvt.o)
                0x000000000011ce6c                SDL_ConvertStrip_2
 .text.SDL_ConvertStereo
                0x000000000011d100       0xa0 /opt/devkitpro/portlibs/3ds/lib/libSDL.a(SDL_audiocvt.o)
                0x000000000011d100                SDL_ConvertStereo
 .text.SDL_ConvertSurround
                0x000000000011d1a0      0x414 /opt/devkitpro/portlibs/3ds/lib/libSDL.a(SDL_audiocvt.o)
                0x000000000011d1a0                SDL_ConvertSurround
 .text.SDL_ConvertSurround_4
                0x000000000011d5b4      0x38c /opt/devkitpro/portlibs/3ds/lib/libSDL.a(SDL_audiocvt.o)
                0x000000000011d5b4                SDL_ConvertSurround_4
 .text.SDL_Convert16LSB
                0x000000000011d940       0x70 /opt/devkitpro/portlibs/3ds/lib/libSDL.a(SDL_audiocvt.o)
                0x000000000011d940                SDL_Convert16LSB
 .text.SDL_Convert16MSB
                0x000000000011d9b0       0x80 /opt/devkitpro/portlibs/3ds/lib/libSDL.a(SDL_audiocvt.o)
                0x000000000011d9b0                SDL_Convert16MSB
 .text.SDL_Convert8
                0x000000000011da30       0x8c /opt/devkitpro/portlibs/3ds/lib/libSDL.a(SDL_audiocvt.o)
                0x000000000011da30                SDL_Convert8
 .text.SDL_ConvertSign
                0x000000000011dabc       0xa4 /opt/devkitpro/portlibs/3ds/lib/libSDL.a(SDL_audiocvt.o)
                0x000000000011dabc                SDL_ConvertSign
 .text.SDL_ConvertEndian
                0x000000000011db60       0x64 /opt/devkitpro/portlibs/3ds/lib/libSDL.a(SDL_audiocvt.o)
                0x000000000011db60                SDL_ConvertEndian
 .text.SDL_RateMUL2
                0x000000000011dbc4       0xc8 /opt/devkitpro/portlibs/3ds/lib/libSDL.a(SDL_audiocvt.o)
                0x000000000011dbc4                SDL_RateMUL2
 .text.SDL_RateMUL2_c2
                0x000000000011dc8c      0x110 /opt/devkitpro/portlibs/3ds/lib/libSDL.a(SDL_audiocvt.o)
                0x000000000011dc8c                SDL_RateMUL2_c2
 .text.SDL_RateMUL2_c4
                0x000000000011dd9c      0x178 /opt/devkitpro/portlibs/3ds/lib/libSDL.a(SDL_audiocvt.o)
                0x000000000011dd9c                SDL_RateMUL2_c4
 .text.SDL_RateMUL2_c6
                0x000000000011df14      0x1e0 /opt/devkitpro/portlibs/3ds/lib/libSDL.a(SDL_audiocvt.o)
                0x000000000011df14                SDL_RateMUL2_c6
 .text.SDL_RateDIV2
                0x000000000011e0f4       0xe8 /opt/devkitpro/portlibs/3ds/lib/libSDL.a(SDL_audiocvt.o)
                0x000000000011e0f4                SDL_RateDIV2
 .text.SDL_RateDIV2_c2
                0x000000000011e1dc       0xf4 /opt/devkitpro/portlibs/3ds/lib/libSDL.a(SDL_audiocvt.o)
                0x000000000011e1dc                SDL_RateDIV2_c2
 .text.SDL_RateDIV2_c4
                0x000000000011e2d0      0x11c /opt/devkitpro/portlibs/3ds/lib/libSDL.a(SDL_audiocvt.o)
                0x000000000011e2d0                SDL_RateDIV2_c4
 .text.SDL_RateDIV2_c6
                0x000000000011e3ec      0x158 /opt/devkitpro/portlibs/3ds/lib/libSDL.a(SDL_audiocvt.o)
                0x000000000011e3ec                SDL_RateDIV2_c6
 .text.SDL_ConvertAudio
                0x000000000011e544       0x58 /opt/devkitpro/portlibs/3ds/lib/libSDL.a(SDL_audiocvt.o)
                0x000000000011e544                SDL_ConvertAudio
 *fill*         0x000000000011e59c        0x4 
 .text.SDL_BuildAudioCVT
                0x000000000011e5a0      0x5e0 /opt/devkitpro/portlibs/3ds/lib/libSDL.a(SDL_audiocvt.o)
                0x000000000011e5a0                SDL_BuildAudioCVT
 .text.stdio_write
                0x000000000011eb80       0x4c /opt/devkitpro/portlibs/3ds/lib/libSDL.a(SDL_rwops.o)
 .text.stdio_read
                0x000000000011ebcc       0x4c /opt/devkitpro/portlibs/3ds/lib/libSDL.a(SDL_rwops.o)
 .text.stdio_seek
                0x000000000011ec18       0x34 /opt/devkitpro/portlibs/3ds/lib/libSDL.a(SDL_rwops.o)
 .text.stdio_close
                0x000000000011ec4c       0x34 /opt/devkitpro/portlibs/3ds/lib/libSDL.a(SDL_rwops.o)
 .text.SDL_RWFromFile
                0x000000000011ec80       0xbc /opt/devkitpro/portlibs/3ds/lib/libSDL.a(SDL_rwops.o)
                0x000000000011ec80                SDL_RWFromFile
 .text.SDL_FreeRW
                0x000000000011ed3c        0x4 /opt/devkitpro/portlibs/3ds/lib/libSDL.a(SDL_rwops.o)
                0x000000000011ed3c                SDL_FreeRW
 .text.SDL_ReadBE16
                0x000000000011ed40       0x30 /opt/devkitpro/portlibs/3ds/lib/libSDL.a(SDL_rwops.o)
                0x000000000011ed40                SDL_ReadBE16
 .text.SDL_ReadLE32
                0x000000000011ed70       0x28 /opt/devkitpro/portlibs/3ds/lib/libSDL.a(SDL_rwops.o)
                0x000000000011ed70                SDL_ReadLE32
 .text.SDL_ReadBE32
                0x000000000011ed98       0x2c /opt/devkitpro/portlibs/3ds/lib/libSDL.a(SDL_rwops.o)
                0x000000000011ed98                SDL_ReadBE32
 .text.SDL_DelThread.part.0
                0x000000000011edc4       0xb8 /opt/devkitpro/portlibs/3ds/lib/libSDL.a(SDL_thread.o)
 .text.SDL_GetErrBuf
                0x000000000011ee7c       0x9c /opt/devkitpro/portlibs/3ds/lib/libSDL.a(SDL_thread.o)
                0x000000000011ee7c                SDL_GetErrBuf
 .text.SDL_RunThread
                0x000000000011ef18       0x3c /opt/devkitpro/portlibs/3ds/lib/libSDL.a(SDL_thread.o)
                0x000000000011ef18                SDL_RunThread
 .text.SDL_CreateThread
                0x000000000011ef54      0x184 /opt/devkitpro/portlibs/3ds/lib/libSDL.a(SDL_thread.o)
                0x000000000011ef54                SDL_CreateThread
 .text.SDL_WaitThread
                0x000000000011f0d8       0x4c /opt/devkitpro/portlibs/3ds/lib/libSDL.a(SDL_thread.o)
                0x000000000011f0d8                SDL_WaitThread
 .text.callback_wrapper
                0x000000000011f124        0x4 /opt/devkitpro/portlibs/3ds/lib/libSDL.a(SDL_timer.o)
 .text.SDL_AddTimerInternal
                0x000000000011f128       0x8c /opt/devkitpro/portlibs/3ds/lib/libSDL.a(SDL_timer.o)
 .text.SDL_SetTimerThreaded
                0x000000000011f1b4       0x44 /opt/devkitpro/portlibs/3ds/lib/libSDL.a(SDL_timer.o)
                0x000000000011f1b4                SDL_SetTimerThreaded
 .text.SDL_ThreadedTimerCheck
                0x000000000011f1f8      0x13c /opt/devkitpro/portlibs/3ds/lib/libSDL.a(SDL_timer.o)
                0x000000000011f1f8                SDL_ThreadedTimerCheck
 .text.SDL_SetTimer
                0x000000000011f334      0x154 /opt/devkitpro/portlibs/3ds/lib/libSDL.a(SDL_timer.o)
                0x000000000011f334                SDL_SetTimer
 .text.SDL_TimerQuit
                0x000000000011f488       0x68 /opt/devkitpro/portlibs/3ds/lib/libSDL.a(SDL_timer.o)
                0x000000000011f488                SDL_TimerQuit
 .text.SDL_TimerInit
                0x000000000011f4f0       0x98 /opt/devkitpro/portlibs/3ds/lib/libSDL.a(SDL_timer.o)
                0x000000000011f4f0                SDL_TimerInit
 .text.SDL_WM_GrabInputRaw
                0x000000000011f588       0x90 /opt/devkitpro/portlibs/3ds/lib/libSDL.a(SDL_video.o)
 .text.SDL_VideoQuit
                0x000000000011f618      0x118 /opt/devkitpro/portlibs/3ds/lib/libSDL.a(SDL_video.o)
                0x000000000011f618                SDL_VideoQuit
 .text.SDL_VideoInit
                0x000000000011f730      0x21c /opt/devkitpro/portlibs/3ds/lib/libSDL.a(SDL_video.o)
                0x000000000011f730                SDL_VideoInit
 .text.SDL_JoystickClose.part.0
                0x000000000011f94c       0xc0 /opt/devkitpro/portlibs/3ds/lib/libSDL.a(SDL_joystick.o)
 .text.SDL_JoystickInit
                0x000000000011fa0c       0x68 /opt/devkitpro/portlibs/3ds/lib/libSDL.a(SDL_joystick.o)
                0x000000000011fa0c                SDL_JoystickInit
 .text.SDL_JoystickQuit
                0x000000000011fa74       0xa0 /opt/devkitpro/portlibs/3ds/lib/libSDL.a(SDL_joystick.o)
                0x000000000011fa74                SDL_JoystickQuit
 .text.SDL_PrivateJoystickAxis
                0x000000000011fb14       0x9c /opt/devkitpro/portlibs/3ds/lib/libSDL.a(SDL_joystick.o)
                0x000000000011fb14                SDL_PrivateJoystickAxis
 .text.SDL_PrivateJoystickButton
                0x000000000011fbb0       0xac /opt/devkitpro/portlibs/3ds/lib/libSDL.a(SDL_joystick.o)
                0x000000000011fbb0                SDL_PrivateJoystickButton
 .text.SDL_JoystickUpdate
                0x000000000011fc5c       0x3c /opt/devkitpro/portlibs/3ds/lib/libSDL.a(SDL_joystick.o)
                0x000000000011fc5c                SDL_JoystickUpdate
 .text.SDL_StartTicks
                0x000000000011fc98       0x18 /opt/devkitpro/portlibs/3ds/lib/libSDL.a(SDL_systimer.o)
                0x000000000011fc98                SDL_StartTicks
 .text.SDL_GetTicks
                0x000000000011fcb0       0x68 /opt/devkitpro/portlibs/3ds/lib/libSDL.a(SDL_systimer.o)
                0x000000000011fcb0                SDL_GetTicks
 .text.SDL_Delay
                0x000000000011fd18       0x10 /opt/devkitpro/portlibs/3ds/lib/libSDL.a(SDL_systimer.o)
                0x000000000011fd18                SDL_Delay
 .text.SDL_SYS_TimerInit
                0x000000000011fd28        0x8 /opt/devkitpro/portlibs/3ds/lib/libSDL.a(SDL_systimer.o)
                0x000000000011fd28                SDL_SYS_TimerInit
 .text.SDL_SYS_TimerQuit
                0x000000000011fd30        0x4 /opt/devkitpro/portlibs/3ds/lib/libSDL.a(SDL_systimer.o)
                0x000000000011fd30                SDL_SYS_TimerQuit
 .text.SDL_SYS_StartTimer
                0x000000000011fd34       0x18 /opt/devkitpro/portlibs/3ds/lib/libSDL.a(SDL_systimer.o)
                0x000000000011fd34                SDL_SYS_StartTimer
 .text.SDL_SYS_StopTimer
                0x000000000011fd4c        0x4 /opt/devkitpro/portlibs/3ds/lib/libSDL.a(SDL_systimer.o)
                0x000000000011fd4c                SDL_SYS_StopTimer
 .text.N3DSAUD_Available
                0x000000000011fd50        0x8 /opt/devkitpro/portlibs/3ds/lib/libSDL.a(SDL_n3dsaudio.o)
 .text.N3DSAUD_GetAudioBuf
                0x000000000011fd58        0xc /opt/devkitpro/portlibs/3ds/lib/libSDL.a(SDL_n3dsaudio.o)
 .text.N3DSAUD_CreateDevice
                0x000000000011fd64      0x138 /opt/devkitpro/portlibs/3ds/lib/libSDL.a(SDL_n3dsaudio.o)
 .text.N3DSAUD_DeleteDevice
                0x000000000011fe9c       0x5c /opt/devkitpro/portlibs/3ds/lib/libSDL.a(SDL_n3dsaudio.o)
 .text.N3DSAUD_UnlockAudio
                0x000000000011fef8        0xc /opt/devkitpro/portlibs/3ds/lib/libSDL.a(SDL_n3dsaudio.o)
 .text.N3DSAUD_LockAudio
                0x000000000011ff04        0xc /opt/devkitpro/portlibs/3ds/lib/libSDL.a(SDL_n3dsaudio.o)
 .text.N3DSAUD_CloseAudio
                0x000000000011ff10       0xc4 /opt/devkitpro/portlibs/3ds/lib/libSDL.a(SDL_n3dsaudio.o)
 .text.audioFrameFinished
                0x000000000011ffd4       0x74 /opt/devkitpro/portlibs/3ds/lib/libSDL.a(SDL_n3dsaudio.o)
 .text.N3DSAUD_PlayAudio
                0x0000000000120048       0xa8 /opt/devkitpro/portlibs/3ds/lib/libSDL.a(SDL_n3dsaudio.o)
 .text.N3DSAUD_WaitAudio
                0x00000000001200f0       0x78 /opt/devkitpro/portlibs/3ds/lib/libSDL.a(SDL_n3dsaudio.o)
 .text.N3DSAUD_OpenAudio
                0x0000000000120168      0x268 /opt/devkitpro/portlibs/3ds/lib/libSDL.a(SDL_n3dsaudio.o)
 .text.N3DSAUD_DspHook
                0x00000000001203d0       0x5c /opt/devkitpro/portlibs/3ds/lib/libSDL.a(SDL_n3dsaudio.o)
 .text.SDL_SYS_JoystickInit
                0x000000000012042c       0x14 /opt/devkitpro/portlibs/3ds/lib/libSDL.a(SDL_sysjoystick.o)
                0x000000000012042c                SDL_SYS_JoystickInit
 .text.SDL_SYS_JoystickUpdate
                0x0000000000120440      0x514 /opt/devkitpro/portlibs/3ds/lib/libSDL.a(SDL_sysjoystick.o)
                0x0000000000120440                SDL_SYS_JoystickUpdate
 .text.SDL_SYS_JoystickClose
                0x0000000000120954        0x4 /opt/devkitpro/portlibs/3ds/lib/libSDL.a(SDL_sysjoystick.o)
                0x0000000000120954                SDL_SYS_JoystickClose
 .text.SDL_SYS_JoystickQuit
                0x0000000000120958        0x4 /opt/devkitpro/portlibs/3ds/lib/libSDL.a(SDL_sysjoystick.o)
                0x0000000000120958                SDL_SYS_JoystickQuit
 .text.SDL_CreateMutex
                0x000000000012095c       0x28 /opt/devkitpro/portlibs/3ds/lib/libSDL.a(SDL_sysmutex.o)
                0x000000000012095c                SDL_CreateMutex
 .text.SDL_DestroyMutex
                0x0000000000120984        0xc /opt/devkitpro/portlibs/3ds/lib/libSDL.a(SDL_sysmutex.o)
                0x0000000000120984                SDL_DestroyMutex
 .text.SDL_mutexP
                0x0000000000120990       0x2c /opt/devkitpro/portlibs/3ds/lib/libSDL.a(SDL_sysmutex.o)
                0x0000000000120990                SDL_mutexP
 .text.SDL_mutexV
                0x00000000001209bc       0x2c /opt/devkitpro/portlibs/3ds/lib/libSDL.a(SDL_sysmutex.o)
                0x00000000001209bc                SDL_mutexV
 .text.SDL_CreateSemaphore
                0x00000000001209e8       0x34 /opt/devkitpro/portlibs/3ds/lib/libSDL.a(SDL_syssem.o)
                0x00000000001209e8                SDL_CreateSemaphore
 .text.SDL_DestroySemaphore
                0x0000000000120a1c        0xc /opt/devkitpro/portlibs/3ds/lib/libSDL.a(SDL_syssem.o)
                0x0000000000120a1c                SDL_DestroySemaphore
 .text.SDL_SemWait
                0x0000000000120a28       0x30 /opt/devkitpro/portlibs/3ds/lib/libSDL.a(SDL_syssem.o)
                0x0000000000120a28                SDL_SemWait
 .text.SDL_SemPost
                0x0000000000120a58       0x14 /opt/devkitpro/portlibs/3ds/lib/libSDL.a(SDL_syssem.o)
                0x0000000000120a58                SDL_SemPost
 .text.ThreadEntry
                0x0000000000120a6c        0x4 /opt/devkitpro/portlibs/3ds/lib/libSDL.a(SDL_systhread.o)
                0x0000000000120a6c                ThreadEntry
 .text.SDL_SYS_CreateThread
                0x0000000000120a70       0xb0 /opt/devkitpro/portlibs/3ds/lib/libSDL.a(SDL_systhread.o)
                0x0000000000120a70                SDL_SYS_CreateThread
 .text.SDL_SYS_SetupThread
                0x0000000000120b20        0x4 /opt/devkitpro/portlibs/3ds/lib/libSDL.a(SDL_systhread.o)
                0x0000000000120b20                SDL_SYS_SetupThread
 .text.SDL_ThreadID
                0x0000000000120b24       0x38 /opt/devkitpro/portlibs/3ds/lib/libSDL.a(SDL_systhread.o)
                0x0000000000120b24                SDL_ThreadID
 .text.SDL_SYS_WaitThread
                0x0000000000120b5c       0x10 /opt/devkitpro/portlibs/3ds/lib/libSDL.a(SDL_systhread.o)
                0x0000000000120b5c                SDL_SYS_WaitThread
 .text.N3DS_Available
                0x0000000000120b6c        0x8 /opt/devkitpro/portlibs/3ds/lib/libSDL.a(SDL_n3dsvideo.o)
 .text.N3DS_ListModes
                0x0000000000120b74        0x8 /opt/devkitpro/portlibs/3ds/lib/libSDL.a(SDL_n3dsvideo.o)
 .text.N3DS_AllocHWSurface
                0x0000000000120b7c        0x8 /opt/devkitpro/portlibs/3ds/lib/libSDL.a(SDL_n3dsvideo.o)
 .text.N3DS_LockHWSurface
                0x0000000000120b84        0x8 /opt/devkitpro/portlibs/3ds/lib/libSDL.a(SDL_n3dsvideo.o)
 .text.N3DS_UnlockHWSurface
                0x0000000000120b8c        0x4 /opt/devkitpro/portlibs/3ds/lib/libSDL.a(SDL_n3dsvideo.o)
 .text.N3DS_SetColors
                0x0000000000120b90       0x64 /opt/devkitpro/portlibs/3ds/lib/libSDL.a(SDL_n3dsvideo.o)
 .text.N3DS_CreateDevice
                0x0000000000120bf4      0x110 /opt/devkitpro/portlibs/3ds/lib/libSDL.a(SDL_n3dsvideo.o)
 .text.N3DS_DeleteDevice
                0x0000000000120d04       0x24 /opt/devkitpro/portlibs/3ds/lib/libSDL.a(SDL_n3dsvideo.o)
 .text.N3DS_VideoInit
                0x0000000000120d28       0x48 /opt/devkitpro/portlibs/3ds/lib/libSDL.a(SDL_n3dsvideo.o)
 .text.N3DS_FlipHWSurface.part.0
                0x0000000000120d70      0x174 /opt/devkitpro/portlibs/3ds/lib/libSDL.a(SDL_n3dsvideo.o)
 .text.N3DS_FlipHWSurface
                0x0000000000120ee4       0x24 /opt/devkitpro/portlibs/3ds/lib/libSDL.a(SDL_n3dsvideo.o)
 .text.N3DS_UpdateRects
                0x0000000000120f08       0x20 /opt/devkitpro/portlibs/3ds/lib/libSDL.a(SDL_n3dsvideo.o)
 .text.N3DS_FreeHWSurface
                0x0000000000120f28        0x4 /opt/devkitpro/portlibs/3ds/lib/libSDL.a(SDL_n3dsvideo.o)
 .text.N3DS_VideoQuit
                0x0000000000120f2c       0xec /opt/devkitpro/portlibs/3ds/lib/libSDL.a(SDL_n3dsvideo.o)
 .text.N3DS_SetScaling
                0x0000000000121018       0xac /opt/devkitpro/portlibs/3ds/lib/libSDL.a(SDL_n3dsvideo.o)
                0x0000000000121018                N3DS_SetScaling
 .text.N3DS_SetVideoMode
                0x00000000001210c4      0x89c /opt/devkitpro/portlibs/3ds/lib/libSDL.a(SDL_n3dsvideo.o)
 .text.N3DS_ToggleFullScreen
                0x0000000000121960       0x3c /opt/devkitpro/portlibs/3ds/lib/libSDL.a(SDL_n3dsvideo.o)
                0x0000000000121960                N3DS_ToggleFullScreen
 .text.drawTexture
                0x000000000012199c      0x114 /opt/devkitpro/portlibs/3ds/lib/libSDL.a(SDL_n3dsvideo.o)
                0x000000000012199c                drawTexture
 .text.videoThread
                0x0000000000121ab0      0x2dc /opt/devkitpro/portlibs/3ds/lib/libSDL.a(SDL_n3dsvideo.o)
 .text.SDL_GobbleEvents
                0x0000000000121d8c       0xec /opt/devkitpro/portlibs/3ds/lib/libSDL.a(SDL_events.o)
 .text.SDL_Lock_EventThread
                0x0000000000121e78       0x64 /opt/devkitpro/portlibs/3ds/lib/libSDL.a(SDL_events.o)
                0x0000000000121e78                SDL_Lock_EventThread
 .text.SDL_Unlock_EventThread
                0x0000000000121edc       0x44 /opt/devkitpro/portlibs/3ds/lib/libSDL.a(SDL_events.o)
                0x0000000000121edc                SDL_Unlock_EventThread
 .text.SDL_StopEventLoop
                0x0000000000121f20       0x78 /opt/devkitpro/portlibs/3ds/lib/libSDL.a(SDL_events.o)
                0x0000000000121f20                SDL_StopEventLoop
 .text.SDL_StartEventLoop
                0x0000000000121f98      0x120 /opt/devkitpro/portlibs/3ds/lib/libSDL.a(SDL_events.o)
                0x0000000000121f98                SDL_StartEventLoop
 .text.SDL_PeepEvents
                0x00000000001220b8      0x21c /opt/devkitpro/portlibs/3ds/lib/libSDL.a(SDL_events.o)
                0x00000000001220b8                SDL_PeepEvents
 .text.SDL_PushEvent
                0x00000000001222d4       0x28 /opt/devkitpro/portlibs/3ds/lib/libSDL.a(SDL_events.o)
                0x00000000001222d4                SDL_PushEvent
 .text.SDL_KeyboardInit
                0x00000000001222fc      0xb98 /opt/devkitpro/portlibs/3ds/lib/libSDL.a(SDL_keyboard.o)
                0x00000000001222fc                SDL_KeyboardInit
 .text.SDL_KeyboardQuit
                0x0000000000122e94        0x4 /opt/devkitpro/portlibs/3ds/lib/libSDL.a(SDL_keyboard.o)
                0x0000000000122e94                SDL_KeyboardQuit
 .text.SDL_CheckKeyRepeat
                0x0000000000122e98       0x8c /opt/devkitpro/portlibs/3ds/lib/libSDL.a(SDL_keyboard.o)
                0x0000000000122e98                SDL_CheckKeyRepeat
 .text.ClipOffset
                0x0000000000122f24       0x78 /opt/devkitpro/portlibs/3ds/lib/libSDL.a(SDL_mouse.o)
 .text.SDL_MouseInit
                0x0000000000122f9c       0x60 /opt/devkitpro/portlibs/3ds/lib/libSDL.a(SDL_mouse.o)
                0x0000000000122f9c                SDL_MouseInit
 .text.SDL_MouseQuit
                0x0000000000122ffc        0x4 /opt/devkitpro/portlibs/3ds/lib/libSDL.a(SDL_mouse.o)
                0x0000000000122ffc                SDL_MouseQuit
 .text.SDL_GetMouseState
                0x0000000000123000       0x38 /opt/devkitpro/portlibs/3ds/lib/libSDL.a(SDL_mouse.o)
                0x0000000000123000                SDL_GetMouseState
 .text.SDL_PrivateMouseMotion
                0x0000000000123038      0x1c4 /opt/devkitpro/portlibs/3ds/lib/libSDL.a(SDL_mouse.o)
                0x0000000000123038                SDL_PrivateMouseMotion
 .text.SDL_PrivateMouseButton
                0x00000000001231fc      0x210 /opt/devkitpro/portlibs/3ds/lib/libSDL.a(SDL_mouse.o)
                0x00000000001231fc                SDL_PrivateMouseButton
 .text.SDL_HandleSIG
                0x000000000012340c       0x70 /opt/devkitpro/portlibs/3ds/lib/libSDL.a(SDL_quit.o)
 .text.SDL_QuitInit
                0x000000000012347c       0x48 /opt/devkitpro/portlibs/3ds/lib/libSDL.a(SDL_quit.o)
                0x000000000012347c                SDL_QuitInit
 .text.SDL_QuitQuit
                0x00000000001234c4       0x50 /opt/devkitpro/portlibs/3ds/lib/libSDL.a(SDL_quit.o)
                0x00000000001234c4                SDL_QuitQuit
 .text.SDL_MouseRect
                0x0000000000123514       0xd0 /opt/devkitpro/portlibs/3ds/lib/libSDL.a(SDL_cursor.o)
                0x0000000000123514                SDL_MouseRect
 .text.SDL_DrawCursorNoLock
                0x00000000001235e4      0x6d8 /opt/devkitpro/portlibs/3ds/lib/libSDL.a(SDL_cursor.o)
                0x00000000001235e4                SDL_DrawCursorNoLock
 .text.SDL_DrawCursor
                0x0000000000123cbc       0xc0 /opt/devkitpro/portlibs/3ds/lib/libSDL.a(SDL_cursor.o)
                0x0000000000123cbc                SDL_DrawCursor
 .text.SDL_EraseCursorNoLock
                0x0000000000123d7c      0x188 /opt/devkitpro/portlibs/3ds/lib/libSDL.a(SDL_cursor.o)
                0x0000000000123d7c                SDL_EraseCursorNoLock
 .text.SDL_EraseCursor
                0x0000000000123f04       0xc0 /opt/devkitpro/portlibs/3ds/lib/libSDL.a(SDL_cursor.o)
                0x0000000000123f04                SDL_EraseCursor
 .text.SDL_SetCursor
                0x0000000000123fc4      0x1d0 /opt/devkitpro/portlibs/3ds/lib/libSDL.a(SDL_cursor.o)
                0x0000000000123fc4                SDL_SetCursor
 .text.SDL_FreeCursor
                0x0000000000124194       0xa8 /opt/devkitpro/portlibs/3ds/lib/libSDL.a(SDL_cursor.o)
                0x0000000000124194                SDL_FreeCursor
 .text.SDL_CursorQuit
                0x000000000012423c       0x98 /opt/devkitpro/portlibs/3ds/lib/libSDL.a(SDL_cursor.o)
                0x000000000012423c                SDL_CursorQuit
 .text.SDL_CreateCursor
                0x00000000001242d4      0x1b0 /opt/devkitpro/portlibs/3ds/lib/libSDL.a(SDL_cursor.o)
                0x00000000001242d4                SDL_CreateCursor
 .text.SDL_CursorInit
                0x0000000000124484       0x90 /opt/devkitpro/portlibs/3ds/lib/libSDL.a(SDL_cursor.o)
                0x0000000000124484                SDL_CursorInit
 .text.SDL_MoveCursor
                0x0000000000124514       0xb8 /opt/devkitpro/portlibs/3ds/lib/libSDL.a(SDL_cursor.o)
                0x0000000000124514                SDL_MoveCursor
 .text.SDL_FormatChanged
                0x00000000001245cc       0x54 /opt/devkitpro/portlibs/3ds/lib/libSDL.a(SDL_pixels.o)
                0x00000000001245cc                SDL_FormatChanged
 .text.SDL_FreeFormat
                0x0000000000124620       0x40 /opt/devkitpro/portlibs/3ds/lib/libSDL.a(SDL_pixels.o)
                0x0000000000124620                SDL_FreeFormat
 .text.SDL_AllocFormat
                0x0000000000124660      0x4e0 /opt/devkitpro/portlibs/3ds/lib/libSDL.a(SDL_pixels.o)
                0x0000000000124660                SDL_AllocFormat
 .text.SDL_ReallocFormat
                0x0000000000124b40      0x100 /opt/devkitpro/portlibs/3ds/lib/libSDL.a(SDL_pixels.o)
                0x0000000000124b40                SDL_ReallocFormat
 .text.SDL_CalculatePitch
                0x0000000000124c40       0x54 /opt/devkitpro/portlibs/3ds/lib/libSDL.a(SDL_pixels.o)
                0x0000000000124c40                SDL_CalculatePitch
 .text.SDL_FindColor
                0x0000000000124c94       0x7c /opt/devkitpro/portlibs/3ds/lib/libSDL.a(SDL_pixels.o)
                0x0000000000124c94                SDL_FindColor
 .text.SDL_MapRGB
                0x0000000000124d10       0x64 /opt/devkitpro/portlibs/3ds/lib/libSDL.a(SDL_pixels.o)
                0x0000000000124d10                SDL_MapRGB
 .text.SDL_AllocBlitMap
                0x0000000000124d74       0x5c /opt/devkitpro/portlibs/3ds/lib/libSDL.a(SDL_pixels.o)
                0x0000000000124d74                SDL_AllocBlitMap
 .text.SDL_FreeBlitMap
                0x0000000000124dd0       0x38 /opt/devkitpro/portlibs/3ds/lib/libSDL.a(SDL_pixels.o)
                0x0000000000124dd0                SDL_FreeBlitMap
 .text.SDL_LockSurface
                0x0000000000124e08       0x94 /opt/devkitpro/portlibs/3ds/lib/libSDL.a(SDL_surface.o)
                0x0000000000124e08                SDL_LockSurface
 .text.SDL_UnlockSurface
                0x0000000000124e9c       0x64 /opt/devkitpro/portlibs/3ds/lib/libSDL.a(SDL_surface.o)
                0x0000000000124e9c                SDL_UnlockSurface
 .text.SDL_FillRect
                0x0000000000124f00      0x480 /opt/devkitpro/portlibs/3ds/lib/libSDL.a(SDL_surface.o)
                0x0000000000124f00                SDL_FillRect
 .text.SDL_FreeSurface
                0x0000000000125380      0x150 /opt/devkitpro/portlibs/3ds/lib/libSDL.a(SDL_surface.o)
                0x0000000000125380                SDL_FreeSurface
 .text.SDL_CreateRGBSurface
                0x00000000001254d0      0x294 /opt/devkitpro/portlibs/3ds/lib/libSDL.a(SDL_surface.o)
                0x00000000001254d0                SDL_CreateRGBSurface
 .text.N3DS_PumpEvents
                0x0000000000125764      0x190 /opt/devkitpro/portlibs/3ds/lib/libSDL.a(SDL_n3dsevents.o)
                0x0000000000125764                N3DS_PumpEvents
 .text.N3DS_InitOSKeymap
                0x00000000001258f4        0x4 /opt/devkitpro/portlibs/3ds/lib/libSDL.a(SDL_n3dsevents.o)
                0x00000000001258f4                N3DS_InitOSKeymap
 .text.SDL_AppActiveInit
                0x00000000001258f8       0x18 /opt/devkitpro/portlibs/3ds/lib/libSDL.a(SDL_active.o)
                0x00000000001258f8                SDL_AppActiveInit
 .text.SDL_AppActiveQuit
                0x0000000000125910        0x4 /opt/devkitpro/portlibs/3ds/lib/libSDL.a(SDL_active.o)
                0x0000000000125910                SDL_AppActiveQuit
 .text.copy_opaque_16
                0x0000000000125914      0x104 /opt/devkitpro/portlibs/3ds/lib/libSDL.a(SDL_RLEaccel.o)
 .text.uncopy_opaque_16